###############################################################################
#                                                                             #
# IAR ELF Linker V1.40.1.50106 for STM8                 06/Jun/2016  22:47:44 #
# Copyright 2010-2013 IAR Systems AB.                                         #
#                                                                             #
#    Output file  =  D:\Desktop Backup\All Programs\Ongoing                   #
#                    Projects\Upwork_Project\Upwork_Project\CC2500_Wireless_U #
#                    ART_Link\STM8S_StdPeriph_Lib_V2.1.0\Project\STM8S_StdPer #
#                    iph_Template\EWSTM8\STM8S103\Exe\Project.out             #
#    Map file     =  D:\Desktop Backup\All Programs\Ongoing                   #
#                    Projects\Upwork_Project\Upwork_Project\CC2500_Wireless_U #
#                    ART_Link\STM8S_StdPeriph_Lib_V2.1.0\Project\STM8S_StdPer #
#                    iph_Template\EWSTM8\STM8S103\List\Project.map            #
#    Command line =  "D:\Desktop Backup\All Programs\Ongoing                  #
#                    Projects\Upwork_Project\Upwork_Project\CC2500_Wireless_U #
#                    ART_Link\STM8S_StdPeriph_Lib_V2.1.0\Project\STM8S_StdPer #
#                    iph_Template\EWSTM8\STM8S103\Obj\at_command.o"           #
#                    "D:\Desktop Backup\All Programs\Ongoing                  #
#                    Projects\Upwork_Project\Upwork_Project\CC2500_Wireless_U #
#                    ART_Link\STM8S_StdPeriph_Lib_V2.1.0\Project\STM8S_StdPer #
#                    iph_Template\EWSTM8\STM8S103\Obj\cc2500.o" "D:\Desktop   #
#                    Backup\All Programs\Ongoing                              #
#                    Projects\Upwork_Project\Upwork_Project\CC2500_Wireless_U #
#                    ART_Link\STM8S_StdPeriph_Lib_V2.1.0\Project\STM8S_StdPer #
#                    iph_Template\EWSTM8\STM8S103\Obj\crc.o" "D:\Desktop      #
#                    Backup\All Programs\Ongoing                              #
#                    Projects\Upwork_Project\Upwork_Project\CC2500_Wireless_U #
#                    ART_Link\STM8S_StdPeriph_Lib_V2.1.0\Project\STM8S_StdPer #
#                    iph_Template\EWSTM8\STM8S103\Obj\eeprom.o" "D:\Desktop   #
#                    Backup\All Programs\Ongoing                              #
#                    Projects\Upwork_Project\Upwork_Project\CC2500_Wireless_U #
#                    ART_Link\STM8S_StdPeriph_Lib_V2.1.0\Project\STM8S_StdPer #
#                    iph_Template\EWSTM8\STM8S103\Obj\main_upwork_rb.o"       #
#                    "D:\Desktop Backup\All Programs\Ongoing                  #
#                    Projects\Upwork_Project\Upwork_Project\CC2500_Wireless_U #
#                    ART_Link\STM8S_StdPeriph_Lib_V2.1.0\Project\STM8S_StdPer #
#                    iph_Template\EWSTM8\STM8S103\Obj\stm8s_adc1.o"           #
#                    "D:\Desktop Backup\All Programs\Ongoing                  #
#                    Projects\Upwork_Project\Upwork_Project\CC2500_Wireless_U #
#                    ART_Link\STM8S_StdPeriph_Lib_V2.1.0\Project\STM8S_StdPer #
#                    iph_Template\EWSTM8\STM8S103\Obj\stm8s_awu.o"            #
#                    "D:\Desktop Backup\All Programs\Ongoing                  #
#                    Projects\Upwork_Project\Upwork_Project\CC2500_Wireless_U #
#                    ART_Link\STM8S_StdPeriph_Lib_V2.1.0\Project\STM8S_StdPer #
#                    iph_Template\EWSTM8\STM8S103\Obj\stm8s_beep.o"           #
#                    "D:\Desktop Backup\All Programs\Ongoing                  #
#                    Projects\Upwork_Project\Upwork_Project\CC2500_Wireless_U #
#                    ART_Link\STM8S_StdPeriph_Lib_V2.1.0\Project\STM8S_StdPer #
#                    iph_Template\EWSTM8\STM8S103\Obj\stm8s_clk.o"            #
#                    "D:\Desktop Backup\All Programs\Ongoing                  #
#                    Projects\Upwork_Project\Upwork_Project\CC2500_Wireless_U #
#                    ART_Link\STM8S_StdPeriph_Lib_V2.1.0\Project\STM8S_StdPer #
#                    iph_Template\EWSTM8\STM8S103\Obj\stm8s_exti.o"           #
#                    "D:\Desktop Backup\All Programs\Ongoing                  #
#                    Projects\Upwork_Project\Upwork_Project\CC2500_Wireless_U #
#                    ART_Link\STM8S_StdPeriph_Lib_V2.1.0\Project\STM8S_StdPer #
#                    iph_Template\EWSTM8\STM8S103\Obj\stm8s_flash.o"          #
#                    "D:\Desktop Backup\All Programs\Ongoing                  #
#                    Projects\Upwork_Project\Upwork_Project\CC2500_Wireless_U #
#                    ART_Link\STM8S_StdPeriph_Lib_V2.1.0\Project\STM8S_StdPer #
#                    iph_Template\EWSTM8\STM8S103\Obj\stm8s_gpio.o"           #
#                    "D:\Desktop Backup\All Programs\Ongoing                  #
#                    Projects\Upwork_Project\Upwork_Project\CC2500_Wireless_U #
#                    ART_Link\STM8S_StdPeriph_Lib_V2.1.0\Project\STM8S_StdPer #
#                    iph_Template\EWSTM8\STM8S103\Obj\stm8s_i2c.o"            #
#                    "D:\Desktop Backup\All Programs\Ongoing                  #
#                    Projects\Upwork_Project\Upwork_Project\CC2500_Wireless_U #
#                    ART_Link\STM8S_StdPeriph_Lib_V2.1.0\Project\STM8S_StdPer #
#                    iph_Template\EWSTM8\STM8S103\Obj\stm8s_it.o"             #
#                    "D:\Desktop Backup\All Programs\Ongoing                  #
#                    Projects\Upwork_Project\Upwork_Project\CC2500_Wireless_U #
#                    ART_Link\STM8S_StdPeriph_Lib_V2.1.0\Project\STM8S_StdPer #
#                    iph_Template\EWSTM8\STM8S103\Obj\stm8s_itc.o"            #
#                    "D:\Desktop Backup\All Programs\Ongoing                  #
#                    Projects\Upwork_Project\Upwork_Project\CC2500_Wireless_U #
#                    ART_Link\STM8S_StdPeriph_Lib_V2.1.0\Project\STM8S_StdPer #
#                    iph_Template\EWSTM8\STM8S103\Obj\stm8s_iwdg.o"           #
#                    "D:\Desktop Backup\All Programs\Ongoing                  #
#                    Projects\Upwork_Project\Upwork_Project\CC2500_Wireless_U #
#                    ART_Link\STM8S_StdPeriph_Lib_V2.1.0\Project\STM8S_StdPer #
#                    iph_Template\EWSTM8\STM8S103\Obj\stm8s_rst.o"            #
#                    "D:\Desktop Backup\All Programs\Ongoing                  #
#                    Projects\Upwork_Project\Upwork_Project\CC2500_Wireless_U #
#                    ART_Link\STM8S_StdPeriph_Lib_V2.1.0\Project\STM8S_StdPer #
#                    iph_Template\EWSTM8\STM8S103\Obj\stm8s_spi.o"            #
#                    "D:\Desktop Backup\All Programs\Ongoing                  #
#                    Projects\Upwork_Project\Upwork_Project\CC2500_Wireless_U #
#                    ART_Link\STM8S_StdPeriph_Lib_V2.1.0\Project\STM8S_StdPer #
#                    iph_Template\EWSTM8\STM8S103\Obj\stm8s_tim1.o"           #
#                    "D:\Desktop Backup\All Programs\Ongoing                  #
#                    Projects\Upwork_Project\Upwork_Project\CC2500_Wireless_U #
#                    ART_Link\STM8S_StdPeriph_Lib_V2.1.0\Project\STM8S_StdPer #
#                    iph_Template\EWSTM8\STM8S103\Obj\stm8s_tim2.o"           #
#                    "D:\Desktop Backup\All Programs\Ongoing                  #
#                    Projects\Upwork_Project\Upwork_Project\CC2500_Wireless_U #
#                    ART_Link\STM8S_StdPeriph_Lib_V2.1.0\Project\STM8S_StdPer #
#                    iph_Template\EWSTM8\STM8S103\Obj\stm8s_tim4.o"           #
#                    "D:\Desktop Backup\All Programs\Ongoing                  #
#                    Projects\Upwork_Project\Upwork_Project\CC2500_Wireless_U #
#                    ART_Link\STM8S_StdPeriph_Lib_V2.1.0\Project\STM8S_StdPer #
#                    iph_Template\EWSTM8\STM8S103\Obj\stm8s_uart1.o"          #
#                    "D:\Desktop Backup\All Programs\Ongoing                  #
#                    Projects\Upwork_Project\Upwork_Project\CC2500_Wireless_U #
#                    ART_Link\STM8S_StdPeriph_Lib_V2.1.0\Project\STM8S_StdPer #
#                    iph_Template\EWSTM8\STM8S103\Obj\stm8s_wwdg.o"           #
#                    "D:\Desktop Backup\All Programs\Ongoing                  #
#                    Projects\Upwork_Project\Upwork_Project\CC2500_Wireless_U #
#                    ART_Link\STM8S_StdPeriph_Lib_V2.1.0\Project\STM8S_StdPer #
#                    iph_Template\EWSTM8\STM8S103\Obj\uart.o" --redirect      #
#                    _Printf=_PrintfFullNoMb --redirect                       #
#                    _Scanf=_ScanfFullNoMb -o "D:\Desktop Backup\All          #
#                    Programs\Ongoing Projects\Upwork_Project\Upwork_Project\ #
#                    CC2500_Wireless_UART_Link\STM8S_StdPeriph_Lib_V2.1.0\Pro #
#                    ject\STM8S_StdPeriph_Template\EWSTM8\STM8S103\Exe\Projec #
#                    t.out" --map "D:\Desktop Backup\All Programs\Ongoing     #
#                    Projects\Upwork_Project\Upwork_Project\CC2500_Wireless_U #
#                    ART_Link\STM8S_StdPeriph_Lib_V2.1.0\Project\STM8S_StdPer #
#                    iph_Template\EWSTM8\STM8S103\List\Project.map" --log     #
#                    libraries,initialization,modules,redirects,sections,     #
#                    unused_fragments --log_file "D:\Desktop Backup\All       #
#                    Programs\Ongoing Projects\Upwork_Project\Upwork_Project\ #
#                    CC2500_Wireless_UART_Link\STM8S_StdPeriph_Lib_V2.1.0\Pro #
#                    ject\STM8S_StdPeriph_Template\EWSTM8\STM8S103\List\Proje #
#                    ct.log" --config "C:\Program Files\IAR Systems\Embedded  #
#                    Workbench 6.5\stm8\config\lnkstm8s003f3.icf"             #
#                    --config_def _CSTACK_SIZE=0x100 --config_def             #
#                    _HEAP_SIZE=0x100 --entry __iar_program_start --debug_lib #
#                                                                             #
#                                                                             #
###############################################################################

*******************************************************************************
*** RUNTIME MODEL ATTRIBUTES
***

__SystemLibrary            = DLib
__code_model               = medium_or_large
__core                     = stm8
__data_model               = medium
__dlib_file_descriptor     = 0
__dlib_full_locale_support = 0
__rt_version               = 4


*******************************************************************************
*** PLACEMENT SUMMARY
***

"A1":  place at start of [0x000000-0x0000ff] { rw section .vregs };
"A2":  place at end of [0x000000-0x0003ff] { block CSTACK };
"P2":  place in [from 0x000000 to 0x0003ff] {
          block HEAP, rw section .far.bss, rw section .far.data,
          rw section .far.noinit, rw section .far_func.textrw,
          rw section .huge.bss, rw section .huge.data, rw section .huge.noinit,
          rw section .huge_func.textrw, rw section .iar.dynexit,
          rw section .near.bss, rw section .near.data, rw section .near.noinit,
          rw section .near_func.textrw };
"A3":  place at start of [0x008000-0x009fff] { block INTVEC };
"P3":  place in [from 0x008000 to 0x009fff] {
          ro section .far.data_init, ro section .far_func.textrw_init,
          ro section .huge.data_init, ro section .huge_func.textrw_init,
          ro section .iar.init_table, ro section .init_array,
          ro section .near.data_init, ro section .near.rodata,
          ro section .near_func.text, ro section .near_func.textrw_init,
          ro section .tiny.data_init, ro section .tiny.rodata_init };
"P4":  place in [from 0x008000 to 0x009fff] {
          ro section .far.rodata, ro section .far_func.text };

  Section          Kind      Address    Size  Object
  -------          ----      -------    ----  ------
"A1":                                   0x10
  .vregs           uninit   0x000000    0x10  vregs.o [4]
                          - 0x000010    0x10

"P2":                                   0xc5
  .near.bss        zero     0x000010    0x32  main_upwork_rb.o [1]
  .near.bss        zero     0x000042    0x32  main_upwork_rb.o [1]
  .near.bss        zero     0x000074    0x32  main_upwork_rb.o [1]
  .near.bss        zero     0x0000a6     0x8  main_upwork_rb.o [1]
  .near.bss        zero     0x0000ae     0x7  main_upwork_rb.o [1]
  .near.bss        zero     0x0000b5     0x5  main_upwork_rb.o [1]
  .near.bss        zero     0x0000ba     0x4  main_upwork_rb.o [1]
  .near.bss        zero     0x0000be     0x4  main_upwork_rb.o [1]
  .near.bss        zero     0x0000c2     0x4  main_upwork_rb.o [1]
  .near.bss        zero     0x0000c6     0x4  main_upwork_rb.o [1]
  .near.bss        zero     0x0000ca     0x2  main_upwork_rb.o [1]
  .near.bss        zero     0x0000cc     0x2  main_upwork_rb.o [1]
  .near.bss        zero     0x0000ce     0x2  main_upwork_rb.o [1]
  .near.bss        zero     0x0000d0     0x2  errno.o [4]
  .near.bss        zero     0x0000d2     0x1  main_upwork_rb.o [1]
  .near.bss        zero     0x0000d3     0x1  stm8s_it.o [1]
  .near.bss        zero     0x0000d4     0x1  uart.o [1]
                          - 0x0000d5    0xc5

"A2":                                  0x100
  CSTACK                    0x000300   0x100  <Block>
    CSTACK         uninit   0x000300   0x100  <Block tail>
                          - 0x000400   0x100

"A3":                                   0x80
  INTVEC                    0x008000    0x80  <Block>
    .intvec        const    0x008000    0x80  interrupt.o [4]
                          - 0x008080    0x80

"P3":                                  0x4b1
  .near.rodata     const    0x008080    0xb6  stm8s_flash.o [1]
  .near.rodata     const    0x008136    0xb6  stm8s_uart1.o [1]
  .near.rodata     const    0x0081ec    0xb5  stm8s_exti.o [1]
  .near.rodata     const    0x0082a1    0xb5  stm8s_gpio.o [1]
  .near.rodata     const    0x008356    0xb4  stm8s_clk.o [1]
  .near.rodata     const    0x00840a    0xb4  stm8s_spi.o [1]
  .near.rodata     const    0x0084be    0x25  xstoul.o [4]
  .near.rodata     const    0x0084e3    0x25  xstoul.o [4]
  .iar.init_table  const    0x008508     0x9  - Linker created -
  .near.rodata     const    0x008511     0x6  eeprom.o [1]
  .near.rodata     const    0x008517     0x6  main_upwork_rb.o [1]
  .near.rodata     const    0x00851d     0x4  eeprom.o [1]
  .near.rodata     const    0x008521     0x4  stm8s_clk.o [1]
  .near.rodata     const    0x008525     0x3  eeprom.o [1]
  .near.rodata     const    0x008528     0x3  stm8s_it.o [1]
  .near.rodata     const    0x00852b     0x2  eeprom.o [1]
  .near.rodata     const    0x00852d     0x2  main_upwork_rb.o [1]
  .near.rodata     const    0x00852f     0x2  uart.o [1]
                          - 0x008531   0x4b1

"P4":                                 0x1810
  .far_func.text   ro code  0x008531   0x3eb  cc2500.o [1]
  .far_func.text   ro code  0x00891c   0x1eb  xstoul.o [4]
  .far_func.text   ro code  0x008b07   0x1c0  stm8s_uart1.o [1]
  .far_func.text   ro code  0x008cc7   0x17f  long.o [4]
  .far_func.text   ro code  0x008e46   0x176  eeprom.o [1]
  .far_func.text   ro code  0x008fbc   0x11c  vreg_util.o [4]
  .far_func.text   ro code  0x0090d8    0xee  stm8s_spi.o [1]
  .far_func.text   ro code  0x0091c6    0xb4  stm8s_gpio.o [1]
  .far_func.text   ro code  0x00927a    0xb1  main_upwork_rb.o [1]
  .far_func.text   ro code  0x00932b    0xaf  stm8s_it.o [1]
  .far_func.text   ro code  0x0093da    0xa4  stm8s_exti.o [1]
  .far_func.text   ro code  0x00947e    0x9f  stm8s_uart1.o [1]
  .far_func.text   ro code  0x00951d    0x8c  stm8s_it.o [1]
  .far_func.text   ro code  0x0095a9    0x8a  long_util.o [4]
  .far_func.text   ro code  0x009633    0x66  stm8s_uart1.o [1]
  .far_func.text   ro code  0x009699    0x58  dc_util.o [4]
  .far_func.text   ro code  0x0096f1    0x49  strstr.o [4]
  .far_func.text   ro code  0x00973a    0x46  main_upwork_rb.o [1]
  .far_func.text   ro code  0x009780    0x41  stm8s_gpio.o [1]
  .far_func.text   ro code  0x0097c1    0x3e  main_upwork_rb.o [1]
  .far_func.text   ro code  0x0097ff    0x3c  stm8s_clk.o [1]
  .far_func.text   ro code  0x00983b    0x3c  stm8s_spi.o [1]
  .far_func.text   ro code  0x009877    0x3b  strncpy.o [4]
  .far_func.text   ro code  0x0098b2    0x3a  stm8s_flash.o [1]
  .far_func.text   ro code  0x0098ec    0x3a  uart.o [1]
  .far_func.text   ro code  0x009926    0x39  strncmp.o [4]
  .far_func.text   ro code  0x00995f    0x33  main_upwork_rb.o [1]
  .far_func.text   ro code  0x009992    0x2d  stm8s_flash.o [1]
  .far_func.text   ro code  0x0099bf    0x2c  stm8s_flash.o [1]
  .far_func.text   ro code  0x0099eb    0x2c  stm8s_spi.o [1]
  .far_func.text   ro code  0x009a17    0x28  stm8s_clk.o [1]
  .far_func.text   ro code  0x009a3f    0x22  stm8s_exti.o [1]
  .far_func.text   ro code  0x009a61    0x22  stm8s_flash.o [1]
  .far_func.text   ro code  0x009a83    0x21  stm8s_flash.o [1]
  .far_func.text   ro code  0x009aa4    0x20  uart.o [1]
  .far_func.text   ro code  0x009ac4    0x1e  stm8s_it.o [1]
  .far_func.text   ro code  0x009ae2    0x1e  init.o [4]
  .far_func.text   ro code  0x009b00    0x1e  init_small.o [4]
  .far_func.text   ro code  0x009b1e    0x1b  stm8s_uart1.o [1]
  .far_func.text   ro code  0x009b39    0x1a  stm8s_flash.o [1]
  .far_func.text   ro code  0x009b53    0x19  main_upwork_rb.o [1]
  .far_func.text   ro code  0x009b6c    0x17  cstartup.o [4]
  .far_func.text   ro code  0x009b83    0x16  __dbg_xxexit.o [3]
  .far_func.text   ro code  0x009b99    0x15  main_upwork_rb.o [1]
  .far_func.text   ro code  0x009bae    0x15  stm8s_spi.o [1]
  .far_func.text   ro code  0x009bc3    0x15  memset.o [4]
  .far_func.text   ro code  0x009bd8    0x15  strcat.o [4]
  .far_func.text   ro code  0x009bed    0x15  memchr.o [4]
  .far_func.text   ro code  0x009c02    0x13  stm8s_flash.o [1]
  .far_func.text   ro code  0x009c15    0x12  strlen.o [4]
  .far_func.text   ro code  0x009c27    0x12  strcpy.o [4]
  .far_func.text   ro code  0x009c39    0x10  atoi.o [4]
  .far_func.text   ro code  0x009c49     0xe  far_util.o [4]
  .far_func.text   ro code  0x009c57     0xd  stm8s_uart1.o [1]
  .far_func.text   ro code  0x009c64     0xc  main_upwork_rb.o [1]
  .far_func.text   ro code  0x009c70     0xc  stm8s_clk.o [1]
  .far_func.text   ro code  0x009c7c     0xc  stm8s_exti.o [1]
  .far_func.text   ro code  0x009c88     0xc  stm8s_flash.o [1]
  .far_func.text   ro code  0x009c94     0xc  stm8s_gpio.o [1]
  .far_func.text   ro code  0x009ca0     0xc  stm8s_uart1.o [1]
  .far_func.text   ro code  0x009cac     0xc  stm8s_uart1.o [1]
  .far_func.text   ro code  0x009cb8     0xc  stm8s_uart1.o [1]
  .far_func.text   ro code  0x009cc4     0xb  eeprom.o [1]
  .far_func.text   ro code  0x009ccf     0xb  stm8s_clk.o [1]
  .far_func.text   ro code  0x009cda     0xa  main_upwork_rb.o [1]
  .far_func.text   ro code  0x009ce4     0x8  short.o [4]
  .far_func.text   ro code  0x009cec     0x7  main_upwork_rb.o [1]
  .far_func.text   ro code  0x009cf3     0x7  stm8s_uart1.o [1]
  .far_func.text   ro code  0x009cfa     0x6  char.o [4]
  .far_func.text   ro code  0x009d00     0x6  cexit.o [4]
  .far_func.text   ro code  0x009d06     0x4  main_upwork_rb.o [1]
  .far_func.text   ro code  0x009d0a     0x4  stm8s_gpio.o [1]
  .far_func.text   ro code  0x009d0e     0x4  stm8s_uart1.o [1]
  .far_func.text   ro code  0x009d12     0x4  stm8s_uart1.o [1]
  .far_func.text   ro code  0x009d16     0x4  interrupt.o [4]
  .far_func.text   ro code  0x009d1a     0x4  exit.o [4]
  .far_func.text   ro code  0x009d1e     0x3  main_upwork_rb.o [1]
  .far_func.text   ro code  0x009d21     0x3  stm8s_gpio.o [1]
  .far_func.text   ro code  0x009d24     0x3  stm8s_gpio.o [1]
  .far_func.text   ro code  0x009d27     0x3  low_level_init.o [4]
  .far_func.text   ro code  0x009d2a     0x3  unhandled_exception.o [4]
  .far_func.text   ro code  0x009d2d     0x2  main_upwork_rb.o [1]
  .far_func.text   ro code  0x009d2f     0x1  stm8s_it.o [1]
  .far_func.text   ro code  0x009d30     0x1  stm8s_it.o [1]
  .far_func.text   ro code  0x009d31     0x1  stm8s_it.o [1]
  .far_func.text   ro code  0x009d32     0x1  stm8s_it.o [1]
  .far_func.text   ro code  0x009d33     0x1  stm8s_it.o [1]
  .far_func.text   ro code  0x009d34     0x1  stm8s_it.o [1]
  .far_func.text   ro code  0x009d35     0x1  stm8s_it.o [1]
  .far_func.text   ro code  0x009d36     0x1  stm8s_it.o [1]
  .far_func.text   ro code  0x009d37     0x1  stm8s_it.o [1]
  .far_func.text   ro code  0x009d38     0x1  stm8s_it.o [1]
  .far_func.text   ro code  0x009d39     0x1  stm8s_it.o [1]
  .far_func.text   ro code  0x009d3a     0x1  stm8s_it.o [1]
  .far_func.text   ro code  0x009d3b     0x1  stm8s_it.o [1]
  .far_func.text   ro code  0x009d3c     0x1  stm8s_it.o [1]
  .far_func.text   ro code  0x009d3d     0x1  stm8s_it.o [1]
  .far_func.text   ro code  0x009d3e     0x1  stm8s_it.o [1]
  .far_func.text   ro code  0x009d3f     0x1  stm8s_it.o [1]
  .far_func.text   ro code  0x009d40     0x1  __dbg_break.o [3]
                          - 0x009d41  0x1810


*******************************************************************************
*** INIT TABLE
***

          Address   Size
          -------   ----
Zero (__iar_zero_init2)
    1 destination range, total size 0xc5:
          0x000010  0xc5



*******************************************************************************
*** MODULE SUMMARY
***

    Module                 ro code  ro data  rw data
    ------                 -------  -------  -------
D:\Desktop Backup\All Programs\Ongoing Projects\Upwork_Project\Upwork_Project\CC2500_Wireless_UART_Link\STM8S_StdPeriph_Lib_V2.1.0\Project\STM8S_StdPeriph_Template\EWSTM8\STM8S103\Obj: [1]
    cc2500.o                 1 003
    eeprom.o                   385       15
    main_upwork_rb.o           444        8      193
    stm8s_clk.o                123      184
    stm8s_exti.o               210      181
    stm8s_flash.o              271      182
    stm8s_gpio.o               267      181
    stm8s_it.o                 362        3        1
    stm8s_spi.o                363      180
    stm8s_uart1.o              800      182
    uart.o                      90        2        1
    ------------------------------------------------
    Total:                   4 318    1 118      195

command line: [2]
    ------------------------------------------------
    Total:

dbgstm8mmd.a: [3]
    __dbg_break.o                1
    __dbg_xxexit.o              22
    ------------------------------------------------
    Total:                      23

dlstm8mmn.a: [4]
    atoi.o                      16
    cexit.o                      6
    char.o                       6
    cstartup.o                  23
    dc_util.o                   88
    errno.o                                        2
    exit.o                       4
    far_util.o                  14
    init.o                      30
    init_small.o                30
    interrupt.o                  4      128
    long.o                     383
    long_util.o                138
    low_level_init.o             3
    memchr.o                    21
    memset.o                    21
    short.o                      8
    strcat.o                    21
    strcpy.o                    18
    strlen.o                    18
    strncmp.o                   57
    strncpy.o                   59
    strstr.o                    73
    unhandled_exception.o        3
    vreg_util.o                284
    vregs.o                                       16
    xstoul.o                   491       74
    ------------------------------------------------
    Total:                   1 819      202       18

    Linker created                        9      256
----------------------------------------------------
    Grand Total:             6 160    1 329      469


*******************************************************************************
*** ENTRY LIST
***

Entry                    Address   Size  Type      Object
-----                    -------   ----  ----      ------
?add32_l0_l0_0x         0x008cf7         Code  Gb  long.o [4]
?add32_l0_l0_l1         0x008cf4         Code  Gb  long.o [4]
?b0                     0x000000         Data  Gb  vregs.o [4]
?b1                     0x000001         Data  Gb  vregs.o [4]
?b10                    0x00000a         Data  Gb  vregs.o [4]
?b11                    0x00000b         Data  Gb  vregs.o [4]
?b12                    0x00000c         Data  Gb  vregs.o [4]
?b13                    0x00000d         Data  Gb  vregs.o [4]
?b14                    0x00000e         Data  Gb  vregs.o [4]
?b15                    0x00000f         Data  Gb  vregs.o [4]
?b2                     0x000002         Data  Gb  vregs.o [4]
?b3                     0x000003         Data  Gb  vregs.o [4]
?b4                     0x000004         Data  Gb  vregs.o [4]
?b5                     0x000005         Data  Gb  vregs.o [4]
?b6                     0x000006         Data  Gb  vregs.o [4]
?b7                     0x000007         Data  Gb  vregs.o [4]
?b8                     0x000008         Data  Gb  vregs.o [4]
?b9                     0x000009         Data  Gb  vregs.o [4]
?dc32_l0                0x009699         Code  Gb  dc_util.o [4]
?dc32_l1                0x0096c5         Code  Gb  dc_util.o [4]
?e0                     0x000001         Data  Gb  vregs.o [4]
?e1                     0x000005         Data  Gb  vregs.o [4]
?e2                     0x000009         Data  Gb  vregs.o [4]
?e3                     0x00000d         Data  Gb  vregs.o [4]
?epilogue_l2            0x009072         Code  Gb  vreg_util.o [4]
?epilogue_l2_l3         0x00906e         Code  Gb  vreg_util.o [4]
?epilogue_w4            0x009077         Code  Gb  vreg_util.o [4]
?inc32_0x_0x            0x008ce6         Code  Gb  long.o [4]
?inc32_l0_l0            0x008cd7         Code  Gb  long.o [4]
?inc32_l1_l1            0x008cdc         Code  Gb  long.o [4]
?inc32_l2_l2            0x008ce1         Code  Gb  long.o [4]
?l0                     0x000000         Data  Gb  vregs.o [4]
?l1                     0x000004         Data  Gb  vregs.o [4]
?l2                     0x000008         Data  Gb  vregs.o [4]
?l3                     0x00000c         Data  Gb  vregs.o [4]
?load24_e1_0x           0x009c49         Code  Gb  far_util.o [4]
?load32_0x_l0           0x0095ff         Code  Gb  long_util.o [4]
?load32_0x_l1           0x00960d         Code  Gb  long_util.o [4]
?load32_0x_l2           0x009625         Code  Gb  long_util.o [4]
?load32_l0_0x           0x0095c3         Code  Gb  long_util.o [4]
?load32_l0_asp          0x0095b7         Code  Gb  long_util.o [4]
?load32_l0_dbsp         0x0095a9         Code  Gb  long_util.o [4]
?load32_l0_xsp          0x0095b9         Code  Gb  long_util.o [4]
?load32_l1_0x           0x0095e9         Code  Gb  long_util.o [4]
?load32_l1_asp          0x0095dd         Code  Gb  long_util.o [4]
?load32_l1_dbsp         0x0095cf         Code  Gb  long_util.o [4]
?load32_l1_xsp          0x0095df         Code  Gb  long_util.o [4]
?load32_xsp_l0          0x0095f5         Code  Gb  long_util.o [4]
?load32_xsp_l2          0x00961b         Code  Gb  long_util.o [4]
?mov_e0_e1              0x00908d         Code  Gb  vreg_util.o [4]
?mov_e0_e2              0x00909a         Code  Gb  vreg_util.o [4]
?mov_e1_e0              0x0090a7         Code  Gb  vreg_util.o [4]
?mov_e1_e2              0x0090b4         Code  Gb  vreg_util.o [4]
?mov_e2_e0              0x0090c1         Code  Gb  vreg_util.o [4]
?mov_e3_e0              0x0090ce         Code  Gb  vreg_util.o [4]
?mov_l0_l1              0x00908a         Code  Gb  vreg_util.o [4]
?mov_l0_l2              0x009097         Code  Gb  vreg_util.o [4]
?mov_l1_l0              0x0090a4         Code  Gb  vreg_util.o [4]
?mov_l1_l2              0x0090b1         Code  Gb  vreg_util.o [4]
?mov_l2_l0              0x0090be         Code  Gb  vreg_util.o [4]
?mov_l3_l0              0x0090cb         Code  Gb  vreg_util.o [4]
?mov_w0_w1              0x00907c         Code  Gb  vreg_util.o [4]
?mov_w0_w2              0x009083         Code  Gb  vreg_util.o [4]
?mov_w1_w3              0x009090         Code  Gb  vreg_util.o [4]
?mov_w1_w5              0x00909d         Code  Gb  vreg_util.o [4]
?mov_w3_w1              0x0090aa         Code  Gb  vreg_util.o [4]
?mov_w3_w5              0x0090b7         Code  Gb  vreg_util.o [4]
?mov_w5_w1              0x0090c4         Code  Gb  vreg_util.o [4]
?mov_w7_w1              0x0090d1         Code  Gb  vreg_util.o [4]
?mul32_l0_l0_l1         0x008d2a         Code  Gb  long.o [4]
?neg32_l0_l0            0x008cc7         Code  Gb  long.o [4]
?pop_l0                 0x009036         Code  Gb  vreg_util.o [4]
?pop_l1                 0x009041         Code  Gb  vreg_util.o [4]
?pop_l2                 0x00904c         Code  Gb  vreg_util.o [4]
?pop_l3                 0x009057         Code  Gb  vreg_util.o [4]
?pop_w4                 0x008fe7         Code  Gb  vreg_util.o [4]
?pop_w7                 0x008fee         Code  Gb  vreg_util.o [4]
?push_l0                0x009001         Code  Gb  vreg_util.o [4]
?push_l1                0x009006         Code  Gb  vreg_util.o [4]
?push_l2                0x00900b         Code  Gb  vreg_util.o [4]
?push_l3                0x009010         Code  Gb  vreg_util.o [4]
?push_w0                0x008fbc         Code  Gb  vreg_util.o [4]
?push_w1                0x008fc1         Code  Gb  vreg_util.o [4]
?push_w4                0x008fc6         Code  Gb  vreg_util.o [4]
?push_w7                0x008fcb         Code  Gb  vreg_util.o [4]
?sext32_l0_x            0x008e3b         Code  Gb  long.o [4]
?sll16_x_x_a            0x009ce4         Code  Gb  short.o [4]
?sll32_0x_0x_a          0x008e2d         Code  Gb  long.o [4]
?sll32_l0_l0_a          0x008e2a         Code  Gb  long.o [4]
?sll8_a_a_5             0x009cfb         Code  Gb  char.o [4]
?sll8_a_a_6             0x009cfa         Code  Gb  char.o [4]
?sub32_l0_l0_0x         0x008d12         Code  Gb  long.o [4]
?sub32_l0_l0_l1         0x008d0f         Code  Gb  long.o [4]
?ucmp32_c_l0_l1         0x008e1f         Code  Gb  long.o [4]
?udiv32_l0_dl_l1        0x008da8         Code  Gb  long.o [4]
?udiv32_l0_l0_dl        0x008dae         Code  Gb  long.o [4]
?udiv32_l0_l0_l1        0x008db2         Code  Gb  long.o [4]
?umod32_l1_l0_l1        0x008db2         Code  Gb  long.o [4]
?w0                     0x000000         Data  Gb  vregs.o [4]
?w1                     0x000002         Data  Gb  vregs.o [4]
?w2                     0x000004         Data  Gb  vregs.o [4]
?w3                     0x000006         Data  Gb  vregs.o [4]
?w4                     0x000008         Data  Gb  vregs.o [4]
?w5                     0x00000a         Data  Gb  vregs.o [4]
?w6                     0x00000c         Data  Gb  vregs.o [4]
?w7                     0x00000e         Data  Gb  vregs.o [4]
ADC1_IRQHandler         0x009d3d    0x1  Code  Gb  stm8s_it.o [1]
AWU_IRQHandler          0x009d31    0x1  Code  Gb  stm8s_it.o [1]
CLK_GetClockFreq        0x0097ff   0x3c  Code  Gb  stm8s_clk.o [1]
CLK_HSIPrescalerConfig  0x009a17   0x28  Code  Gb  stm8s_clk.o [1]
CLK_IRQHandler          0x009d32    0x1  Code  Gb  stm8s_it.o [1]
CSTACK$$Base            0x000300          --   Gb  - Linker created -
CSTACK$$Limit           0x000400          --   Gb  - Linker created -
Delay                   0x009cec    0x7  Code  Gb  main_upwork_rb.o [1]
EEPROM_EEC_IRQHandler   0x009d3f    0x1  Code  Gb  stm8s_it.o [1]
EXTI_PORTA_IRQHandler   0x009d33    0x1  Code  Gb  stm8s_it.o [1]
EXTI_PORTB_IRQHandler   0x009d34    0x1  Code  Gb  stm8s_it.o [1]
EXTI_PORTC_IRQHandler   0x00932b   0xaf  Code  Gb  stm8s_it.o [1]
EXTI_PORTD_IRQHandler   0x009ac4   0x1e  Code  Gb  stm8s_it.o [1]
EXTI_PORTE_IRQHandler   0x009d35    0x1  Code  Gb  stm8s_it.o [1]
EXTI_SetExtIntSensitivity
                        0x0093da   0xa4  Code  Gb  stm8s_exti.o [1]
EXTI_SetTLISensitivity  0x009a3f   0x22  Code  Gb  stm8s_exti.o [1]
FLASH_EraseByte         0x009992   0x2d  Code  Gb  stm8s_flash.o [1]
FLASH_ProgramByte       0x0098b2   0x3a  Code  Gb  stm8s_flash.o [1]
FLASH_ReadByte          0x0099bf   0x2c  Code  Gb  stm8s_flash.o [1]
FLASH_SetProgrammingTime
                        0x009a61   0x22  Code  Gb  stm8s_flash.o [1]
FLASH_Unlock            0x009a83   0x21  Code  Gb  stm8s_flash.o [1]
GPIO_ExternalPullUpConfig
                        0x009780   0x41  Code  Gb  stm8s_gpio.o [1]
GPIO_Init               0x0091c6   0xb4  Code  Gb  stm8s_gpio.o [1]
GPIO_ReadInputData      0x009d24    0x3  Code  Gb  stm8s_gpio.o [1]
GPIO_WriteHigh          0x009d21    0x3  Code  Gb  stm8s_gpio.o [1]
GPIO_WriteLow           0x009d0a    0x4  Code  Gb  stm8s_gpio.o [1]
HSIDivFactor            0x008521    0x4  Data  Gb  stm8s_clk.o [1]
I2C_IRQHandler          0x009d3c    0x1  Code  Gb  stm8s_it.o [1]
INTVEC$$Base            0x008000          --   Gb  - Linker created -
INTVEC$$Limit           0x008080          --   Gb  - Linker created -
RF_send_buff            0x000010   0x32  Data  Gb  main_upwork_rb.o [1]
Read                    0x0088a1   0x3a  Code  Gb  cc2500.o [1]
Region$$Table$$Base     0x008508          --   Gb  - Linker created -
Region$$Table$$Limit    0x008511          --   Gb  - Linker created -
SPI_Cmd                 0x0099ff   0x18  Code  Gb  stm8s_spi.o [1]
SPI_DeInit              0x009bae   0x15  Code  Gb  stm8s_spi.o [1]
SPI_GetFlagStatus       0x00983b   0x3c  Code  Gb  stm8s_spi.o [1]
SPI_IRQHandler          0x009d36    0x1  Code  Gb  stm8s_it.o [1]
SPI_Init                0x0090d8   0xee  Code  Gb  stm8s_spi.o [1]
SPI_ReceiveData         0x0099f7    0x4  Code  Gb  stm8s_spi.o [1]
SPI_SendData            0x0099fb    0x4  Code  Gb  stm8s_spi.o [1]
SendStrobe              0x008811   0x23  Code  Gb  cc2500.o [1]
TIM1_CAP_COM_IRQHandler
                        0x009d38    0x1  Code  Gb  stm8s_it.o [1]
TIM1_UPD_OVF_TRG_BRK_IRQHandler
                        0x009d37    0x1  Code  Gb  stm8s_it.o [1]
TIM2_CAP_COM_IRQHandler
                        0x009d3a    0x1  Code  Gb  stm8s_it.o [1]
TIM2_UPD_OVF_BRK_IRQHandler
                        0x009d39    0x1  Code  Gb  stm8s_it.o [1]
TIM4_UPD_OVF_IRQHandler
                        0x009d3e    0x1  Code  Gb  stm8s_it.o [1]
TLI_IRQHandler          0x009d30    0x1  Code  Gb  stm8s_it.o [1]
TRAP_IRQHandler         0x009d2f    0x1  Code  Gb  stm8s_it.o [1]
UART1_ClearITPendingBit
                        0x009b1e   0x1b  Code  Gb  stm8s_uart1.o [1]
UART1_Cmd               0x009c57    0xd  Code  Gb  stm8s_uart1.o [1]
UART1_GetFlagStatus     0x009633   0x66  Code  Gb  stm8s_uart1.o [1]
UART1_ITConfig          0x00947e   0x9f  Code  Gb  stm8s_uart1.o [1]
UART1_Init              0x008b07  0x1c0  Code  Gb  stm8s_uart1.o [1]
UART1_RX_IRQHandler     0x00951d   0x8c  Code  Gb  stm8s_it.o [1]
UART1_ReceiveData8      0x009d0e    0x4  Code  Gb  stm8s_uart1.o [1]
UART1_SendData8         0x009d12    0x4  Code  Gb  stm8s_uart1.o [1]
UART1_TX_IRQHandler     0x009d3b    0x1  Code  Gb  stm8s_it.o [1]
Uart_send_buff          0x000042   0x32  Data  Gb  main_upwork_rb.o [1]
WriteReg                0x00884e   0x41  Code  Gb  cc2500.o [1]
__DebugBreak            0x009d40    0x1  Code  Gb  __dbg_break.o [3]
__exit                  0x009b83   0x16  Code  Gb  __dbg_xxexit.o [3]
__iar_Errno             0x0000d0    0x2  Data  Gb  errno.o [4]
__iar_Memchr            0x009bed   0x15  Code  Gb  memchr.o [4]
__iar_Stoul             0x00891c    0x4  Code  Gb  xstoul.o [4]
__iar_Stoulx            0x008920  0x1e7  Code  Gb  xstoul.o [4]
__iar_Strstr            0x0096f1   0x49  Code  Gb  strstr.o [4]
__iar_data_init2        0x009ae2   0x1e  Code  Gb  init.o [4]
__iar_program_start     0x009b6c         Code  Gb  cstartup.o [4]
__iar_unhandled_exception
                        0x009d2a         Code  Gb  unhandled_exception.o [4]
__iar_zero_init2        0x009b00         Code  Gb  init_small.o [4]
__intvec                0x008000         Data  Gb  interrupt.o [4]
__low_level_init        0x009d27    0x3  Code  Gb  low_level_init.o [4]
_exit                   0x009d00         Code  Gb  cexit.o [4]
_interrupt_1            0x009d2f         Code  Gb  stm8s_it.o [1]
_interrupt_10           0x009d16         Code  Wk  interrupt.o [4]
_interrupt_11           0x009d16         Code  Wk  interrupt.o [4]
_interrupt_12           0x009d36         Code  Gb  stm8s_it.o [1]
_interrupt_13           0x009d37         Code  Gb  stm8s_it.o [1]
_interrupt_14           0x009d38         Code  Gb  stm8s_it.o [1]
_interrupt_15           0x009d39         Code  Gb  stm8s_it.o [1]
_interrupt_16           0x009d3a         Code  Gb  stm8s_it.o [1]
_interrupt_17           0x009d16         Code  Wk  interrupt.o [4]
_interrupt_18           0x009d16         Code  Wk  interrupt.o [4]
_interrupt_19           0x009d3b         Code  Gb  stm8s_it.o [1]
_interrupt_2            0x009d30         Code  Gb  stm8s_it.o [1]
_interrupt_20           0x00951d         Code  Gb  stm8s_it.o [1]
_interrupt_21           0x009d3c         Code  Gb  stm8s_it.o [1]
_interrupt_22           0x009d16         Code  Wk  interrupt.o [4]
_interrupt_23           0x009d16         Code  Wk  interrupt.o [4]
_interrupt_24           0x009d3d         Code  Gb  stm8s_it.o [1]
_interrupt_25           0x009d3e         Code  Gb  stm8s_it.o [1]
_interrupt_26           0x009d3f         Code  Gb  stm8s_it.o [1]
_interrupt_27           0x009d16         Code  Wk  interrupt.o [4]
_interrupt_28           0x009d16         Code  Wk  interrupt.o [4]
_interrupt_29           0x009d16         Code  Wk  interrupt.o [4]
_interrupt_3            0x009d31         Code  Gb  stm8s_it.o [1]
_interrupt_30           0x009d16         Code  Wk  interrupt.o [4]
_interrupt_31           0x009d16         Code  Wk  interrupt.o [4]
_interrupt_4            0x009d32         Code  Gb  stm8s_it.o [1]
_interrupt_5            0x009d33         Code  Gb  stm8s_it.o [1]
_interrupt_6            0x009d34         Code  Gb  stm8s_it.o [1]
_interrupt_7            0x00932b         Code  Gb  stm8s_it.o [1]
_interrupt_8            0x009ac4         Code  Gb  stm8s_it.o [1]
_interrupt_9            0x009d35         Code  Gb  stm8s_it.o [1]
a                       0x0000ae    0x7  Data  Gb  main_upwork_rb.o [1]
ack_received            0x0000ca    0x2  Data  Gb  main_upwork_rb.o [1]
address_check           0x009b53   0x19  Code  Gb  main_upwork_rb.o [1]
assert_failed           0x009d2d    0x2  Code  Gb  main_upwork_rb.o [1]
atoi                    0x009c39   0x10  Code  Gb  atoi.o [4]
baud_rate_array         0x0000a6    0x8  Data  Gb  main_upwork_rb.o [1]
baudrate                0x0000ba    0x4  Data  Gb  main_upwork_rb.o [1]
cc2500_mode             0x0087e1   0x30  Code  Gb  cc2500.o [1]
cid_array               0x0000c2    0x4  Data  Gb  main_upwork_rb.o [1]
command_mode            0x0000cc    0x2  Data  Gb  main_upwork_rb.o [1]
crc_ok                  0x009d1e    0x3  Code  Gb  main_upwork_rb.o [1]
delay_ms                0x0088db   0x41  Code  Gb  cc2500.o [1]
did_array               0x0000b5    0x5  Data  Gb  main_upwork_rb.o [1]
did_val                 0x0000d2    0x1  Data  Gb  main_upwork_rb.o [1]
digits                  0x0084be   0x25  Data  Lc  xstoul.o [4]
exit                    0x009d1a    0x4  Code  Gb  exit.o [4]
gpio_init               0x00995f   0x33  Code  Gb  main_upwork_rb.o [1]
index                   0x0000d4    0x1  Data  Gb  uart.o [1]
init_CC2500             0x008546  0x1c1  Code  Gb  cc2500.o [1]
main                    0x00927a   0xb1  Code  Gb  main_upwork_rb.o [1]
memset                  0x009bc3   0x15  Code  Gb  memset.o [4]
mode_array              0x0000ce    0x2  Data  Gb  main_upwork_rb.o [1]
ndigs                   0x0084e3   0x25  Data  Lc  xstoul.o [4]
no_ack_msg              0x009b99   0x15  Code  Gb  main_upwork_rb.o [1]
no_broadcast            0x009c64    0xc  Code  Gb  main_upwork_rb.o [1]
read_array_from_eeprom  0x008e46   0x3e  Code  Gb  eeprom.o [1]
read_data_from_eeprom   0x008ed9   0x46  Code  Gb  eeprom.o [1]
rid_array               0x0000c6    0x4  Data  Gb  main_upwork_rb.o [1]
send_ack                0x0097c1   0x3e  Code  Gb  main_upwork_rb.o [1]
send_data_rf            0x00870e   0xb8  Code  Gb  cc2500.o [1]
send_data_uart          0x0098ec   0x3a  Code  Gb  uart.o [1]
setup                   0x008531   0x15  Code  Gb  cc2500.o [1]
spi_init                0x00973a   0x46  Code  Gb  main_upwork_rb.o [1]
strcat                  0x009bd8   0x15  Code  Gb  strcat.o [4]
strcpy                  0x009c27   0x12  Code  Gb  strcpy.o [4]
strlen                  0x009c15   0x12  Code  Gb  strlen.o [4]
strncmp                 0x009926   0x39  Code  Gb  strncmp.o [4]
strncpy                 0x009877   0x3b  Code  Gb  strncpy.o [4]
strstr                  0x009d06    0x4  Code  Gb  main_upwork_rb.o [1]
uart_init               0x009aa4   0x20  Code  Gb  uart.o [1]
uart_rcv_buff           0x000074   0x32  Data  Gb  main_upwork_rb.o [1]
wait_count              0x0000be    0x4  Data  Gb  main_upwork_rb.o [1]
write_array_to_eeprom   0x008e84   0x55  Code  Gb  eeprom.o [1]
write_data_to_eeprom    0x008f36   0x58  Code  Gb  eeprom.o [1]


[1] = D:\Desktop Backup\All Programs\Ongoing Projects\Upwork_Project\Upwork_Project\CC2500_Wireless_UART_Link\STM8S_StdPeriph_Lib_V2.1.0\Project\STM8S_StdPeriph_Template\EWSTM8\STM8S103\Obj
[2] = command line
[3] = dbgstm8mmd.a
[4] = dlstm8mmn.a

  6 160 bytes of readonly  code memory
  1 329 bytes of readonly  data memory
    469 bytes of readwrite data memory

Errors: none
Warnings: none
