###############################################################################
#                                                                             #
# IAR ELF Linker V1.40.1.50106 for STM8                 18/Jun/2016  01:00:09 #
# Copyright 2010-2013 IAR Systems AB.                                         #
#                                                                             #
#    Output file  =  D:\Desktop Backup\All Programs\Ongoing                   #
#                    Projects\Upwork_Project\Upwork_Project\CC2500_Wireless_U #
#                    ART_Link\STM8S_StdPeriph_Lib_V2.1.0\Project\STM8S_StdPer #
#                    iph_Template\EWSTM8\STM8S103\Exe\Project.out             #
#    Map file     =  D:\Desktop Backup\All Programs\Ongoing                   #
#                    Projects\Upwork_Project\Upwork_Project\CC2500_Wireless_U #
#                    ART_Link\STM8S_StdPeriph_Lib_V2.1.0\Project\STM8S_StdPer #
#                    iph_Template\EWSTM8\STM8S103\List\Project.map            #
#    Command line =  "D:\Desktop Backup\All Programs\Ongoing                  #
#                    Projects\Upwork_Project\Upwork_Project\CC2500_Wireless_U #
#                    ART_Link\STM8S_StdPeriph_Lib_V2.1.0\Project\STM8S_StdPer #
#                    iph_Template\EWSTM8\STM8S103\Obj\at_command.o"           #
#                    "D:\Desktop Backup\All Programs\Ongoing                  #
#                    Projects\Upwork_Project\Upwork_Project\CC2500_Wireless_U #
#                    ART_Link\STM8S_StdPeriph_Lib_V2.1.0\Project\STM8S_StdPer #
#                    iph_Template\EWSTM8\STM8S103\Obj\cc2500.o" "D:\Desktop   #
#                    Backup\All Programs\Ongoing                              #
#                    Projects\Upwork_Project\Upwork_Project\CC2500_Wireless_U #
#                    ART_Link\STM8S_StdPeriph_Lib_V2.1.0\Project\STM8S_StdPer #
#                    iph_Template\EWSTM8\STM8S103\Obj\crc.o" "D:\Desktop      #
#                    Backup\All Programs\Ongoing                              #
#                    Projects\Upwork_Project\Upwork_Project\CC2500_Wireless_U #
#                    ART_Link\STM8S_StdPeriph_Lib_V2.1.0\Project\STM8S_StdPer #
#                    iph_Template\EWSTM8\STM8S103\Obj\eeprom.o" "D:\Desktop   #
#                    Backup\All Programs\Ongoing                              #
#                    Projects\Upwork_Project\Upwork_Project\CC2500_Wireless_U #
#                    ART_Link\STM8S_StdPeriph_Lib_V2.1.0\Project\STM8S_StdPer #
#                    iph_Template\EWSTM8\STM8S103\Obj\main_upwork_rb.o"       #
#                    "D:\Desktop Backup\All Programs\Ongoing                  #
#                    Projects\Upwork_Project\Upwork_Project\CC2500_Wireless_U #
#                    ART_Link\STM8S_StdPeriph_Lib_V2.1.0\Project\STM8S_StdPer #
#                    iph_Template\EWSTM8\STM8S103\Obj\stm8s_adc1.o"           #
#                    "D:\Desktop Backup\All Programs\Ongoing                  #
#                    Projects\Upwork_Project\Upwork_Project\CC2500_Wireless_U #
#                    ART_Link\STM8S_StdPeriph_Lib_V2.1.0\Project\STM8S_StdPer #
#                    iph_Template\EWSTM8\STM8S103\Obj\stm8s_awu.o"            #
#                    "D:\Desktop Backup\All Programs\Ongoing                  #
#                    Projects\Upwork_Project\Upwork_Project\CC2500_Wireless_U #
#                    ART_Link\STM8S_StdPeriph_Lib_V2.1.0\Project\STM8S_StdPer #
#                    iph_Template\EWSTM8\STM8S103\Obj\stm8s_beep.o"           #
#                    "D:\Desktop Backup\All Programs\Ongoing                  #
#                    Projects\Upwork_Project\Upwork_Project\CC2500_Wireless_U #
#                    ART_Link\STM8S_StdPeriph_Lib_V2.1.0\Project\STM8S_StdPer #
#                    iph_Template\EWSTM8\STM8S103\Obj\stm8s_clk.o"            #
#                    "D:\Desktop Backup\All Programs\Ongoing                  #
#                    Projects\Upwork_Project\Upwork_Project\CC2500_Wireless_U #
#                    ART_Link\STM8S_StdPeriph_Lib_V2.1.0\Project\STM8S_StdPer #
#                    iph_Template\EWSTM8\STM8S103\Obj\stm8s_exti.o"           #
#                    "D:\Desktop Backup\All Programs\Ongoing                  #
#                    Projects\Upwork_Project\Upwork_Project\CC2500_Wireless_U #
#                    ART_Link\STM8S_StdPeriph_Lib_V2.1.0\Project\STM8S_StdPer #
#                    iph_Template\EWSTM8\STM8S103\Obj\stm8s_flash.o"          #
#                    "D:\Desktop Backup\All Programs\Ongoing                  #
#                    Projects\Upwork_Project\Upwork_Project\CC2500_Wireless_U #
#                    ART_Link\STM8S_StdPeriph_Lib_V2.1.0\Project\STM8S_StdPer #
#                    iph_Template\EWSTM8\STM8S103\Obj\stm8s_gpio.o"           #
#                    "D:\Desktop Backup\All Programs\Ongoing                  #
#                    Projects\Upwork_Project\Upwork_Project\CC2500_Wireless_U #
#                    ART_Link\STM8S_StdPeriph_Lib_V2.1.0\Project\STM8S_StdPer #
#                    iph_Template\EWSTM8\STM8S103\Obj\stm8s_i2c.o"            #
#                    "D:\Desktop Backup\All Programs\Ongoing                  #
#                    Projects\Upwork_Project\Upwork_Project\CC2500_Wireless_U #
#                    ART_Link\STM8S_StdPeriph_Lib_V2.1.0\Project\STM8S_StdPer #
#                    iph_Template\EWSTM8\STM8S103\Obj\stm8s_it.o"             #
#                    "D:\Desktop Backup\All Programs\Ongoing                  #
#                    Projects\Upwork_Project\Upwork_Project\CC2500_Wireless_U #
#                    ART_Link\STM8S_StdPeriph_Lib_V2.1.0\Project\STM8S_StdPer #
#                    iph_Template\EWSTM8\STM8S103\Obj\stm8s_itc.o"            #
#                    "D:\Desktop Backup\All Programs\Ongoing                  #
#                    Projects\Upwork_Project\Upwork_Project\CC2500_Wireless_U #
#                    ART_Link\STM8S_StdPeriph_Lib_V2.1.0\Project\STM8S_StdPer #
#                    iph_Template\EWSTM8\STM8S103\Obj\stm8s_iwdg.o"           #
#                    "D:\Desktop Backup\All Programs\Ongoing                  #
#                    Projects\Upwork_Project\Upwork_Project\CC2500_Wireless_U #
#                    ART_Link\STM8S_StdPeriph_Lib_V2.1.0\Project\STM8S_StdPer #
#                    iph_Template\EWSTM8\STM8S103\Obj\stm8s_rst.o"            #
#                    "D:\Desktop Backup\All Programs\Ongoing                  #
#                    Projects\Upwork_Project\Upwork_Project\CC2500_Wireless_U #
#                    ART_Link\STM8S_StdPeriph_Lib_V2.1.0\Project\STM8S_StdPer #
#                    iph_Template\EWSTM8\STM8S103\Obj\stm8s_spi.o"            #
#                    "D:\Desktop Backup\All Programs\Ongoing                  #
#                    Projects\Upwork_Project\Upwork_Project\CC2500_Wireless_U #
#                    ART_Link\STM8S_StdPeriph_Lib_V2.1.0\Project\STM8S_StdPer #
#                    iph_Template\EWSTM8\STM8S103\Obj\stm8s_tim1.o"           #
#                    "D:\Desktop Backup\All Programs\Ongoing                  #
#                    Projects\Upwork_Project\Upwork_Project\CC2500_Wireless_U #
#                    ART_Link\STM8S_StdPeriph_Lib_V2.1.0\Project\STM8S_StdPer #
#                    iph_Template\EWSTM8\STM8S103\Obj\stm8s_tim2.o"           #
#                    "D:\Desktop Backup\All Programs\Ongoing                  #
#                    Projects\Upwork_Project\Upwork_Project\CC2500_Wireless_U #
#                    ART_Link\STM8S_StdPeriph_Lib_V2.1.0\Project\STM8S_StdPer #
#                    iph_Template\EWSTM8\STM8S103\Obj\stm8s_tim4.o"           #
#                    "D:\Desktop Backup\All Programs\Ongoing                  #
#                    Projects\Upwork_Project\Upwork_Project\CC2500_Wireless_U #
#                    ART_Link\STM8S_StdPeriph_Lib_V2.1.0\Project\STM8S_StdPer #
#                    iph_Template\EWSTM8\STM8S103\Obj\stm8s_uart1.o"          #
#                    "D:\Desktop Backup\All Programs\Ongoing                  #
#                    Projects\Upwork_Project\Upwork_Project\CC2500_Wireless_U #
#                    ART_Link\STM8S_StdPeriph_Lib_V2.1.0\Project\STM8S_StdPer #
#                    iph_Template\EWSTM8\STM8S103\Obj\stm8s_wwdg.o"           #
#                    "D:\Desktop Backup\All Programs\Ongoing                  #
#                    Projects\Upwork_Project\Upwork_Project\CC2500_Wireless_U #
#                    ART_Link\STM8S_StdPeriph_Lib_V2.1.0\Project\STM8S_StdPer #
#                    iph_Template\EWSTM8\STM8S103\Obj\uart.o" --redirect      #
#                    _Printf=_PrintfFullNoMb --redirect                       #
#                    _Scanf=_ScanfFullNoMb -o "D:\Desktop Backup\All          #
#                    Programs\Ongoing Projects\Upwork_Project\Upwork_Project\ #
#                    CC2500_Wireless_UART_Link\STM8S_StdPeriph_Lib_V2.1.0\Pro #
#                    ject\STM8S_StdPeriph_Template\EWSTM8\STM8S103\Exe\Projec #
#                    t.out" --map "D:\Desktop Backup\All Programs\Ongoing     #
#                    Projects\Upwork_Project\Upwork_Project\CC2500_Wireless_U #
#                    ART_Link\STM8S_StdPeriph_Lib_V2.1.0\Project\STM8S_StdPer #
#                    iph_Template\EWSTM8\STM8S103\List\Project.map" --log     #
#                    libraries,initialization,modules,redirects,sections,     #
#                    unused_fragments --log_file "D:\Desktop Backup\All       #
#                    Programs\Ongoing Projects\Upwork_Project\Upwork_Project\ #
#                    CC2500_Wireless_UART_Link\STM8S_StdPeriph_Lib_V2.1.0\Pro #
#                    ject\STM8S_StdPeriph_Template\EWSTM8\STM8S103\List\Proje #
#                    ct.log" --config "C:\Program Files\IAR Systems\Embedded  #
#                    Workbench 6.5\stm8\config\lnkstm8s103f3.icf"             #
#                    --config_def _CSTACK_SIZE=0x100 --config_def             #
#                    _HEAP_SIZE=0x100 --entry __iar_program_start --debug_lib #
#                                                                             #
#                                                                             #
###############################################################################

*******************************************************************************
*** MESSAGES
***

Error[Lp011]: section placement failed
          unable to allocate space for sections/blocks with a total estimated
                    minimum size of 0x1ff5 bytes in <[0x008000-0x009fff]>
                    (total uncommitted space 0x1f80).


*******************************************************************************
*** RUNTIME MODEL ATTRIBUTES
***

__SystemLibrary            = DLib
__code_model               = medium_or_large
__core                     = stm8
__data_model               = medium
__dlib_file_descriptor     = 0
__dlib_full_locale_support = 0
__rt_version               = 4


*******************************************************************************
*** PLACEMENT SUMMARY
***

"A1":  place at start of [0x000000-0x0000ff] { rw section .vregs };
"A2":  place at end of [0x000000-0x0003ff] { block CSTACK };
"P2":  place in [from 0x000000 to 0x0003ff] {
          block HEAP, rw section .far.bss, rw section .far.data,
          rw section .far.noinit, rw section .far_func.textrw,
          rw section .huge.bss, rw section .huge.data, rw section .huge.noinit,
          rw section .huge_func.textrw, rw section .iar.dynexit,
          rw section .near.bss, rw section .near.data, rw section .near.noinit,
          rw section .near_func.textrw };
"A3":  place at start of [0x008000-0x009fff] { block INTVEC };
"P3":  place in [from 0x008000 to 0x009fff] {
          ro section .far.data_init, ro section .far_func.textrw_init,
          ro section .huge.data_init, ro section .huge_func.textrw_init,
          ro section .iar.init_table, ro section .init_array,
          ro section .near.data_init, ro section .near.rodata,
          ro section .near_func.text, ro section .near_func.textrw_init,
          ro section .tiny.data_init, ro section .tiny.rodata_init };
"P4":  place in [from 0x008000 to 0x009fff] {
          ro section .far.rodata, ro section .far_func.text };

  Section          Kind      Address    Size  Object
  -------          ----      -------    ----  ------
"A1":                                   0x10
  .vregs           uninit   0x000000    0x10  vregs.o [4]
                          - 0x000010    0x10

"P2":                                   0x80
  .near.bss        zero     0x000010    0x1e  main_upwork_rb.o [1]
  .near.bss        zero     0x00002e    0x1e  main_upwork_rb.o [1]
  .near.bss        zero     0x00004c    0x1e  main_upwork_rb.o [1]
  .near.bss        zero     0x00006a     0x8  main_upwork_rb.o [1]
  .near.bss        zero     0x000072     0x5  main_upwork_rb.o [1]
  .near.bss        zero     0x000077     0x4  main_upwork_rb.o [1]
  .near.bss        zero     0x00007b     0x4  main_upwork_rb.o [1]
  .near.bss        zero     0x00007f     0x4  main_upwork_rb.o [1]
  .near.bss        zero     0x000083     0x4  main_upwork_rb.o [1]
  .near.bss        zero     0x000087     0x2  main_upwork_rb.o [1]
  .near.bss        zero     0x000089     0x2  main_upwork_rb.o [1]
  .near.bss        zero     0x00008b     0x2  errno.o [4]
  .near.bss        zero     0x00008d     0x1  main_upwork_rb.o [1]
  .near.bss        zero     0x00008e     0x1  stm8s_it.o [1]
  .near.bss        zero     0x00008f     0x1  uart.o [1]
                          - 0x000090    0x80

"A2":                                  0x100
  CSTACK                    0x000300   0x100  <Block>
    CSTACK         uninit   0x000300   0x100  <Block tail>
                          - 0x000400   0x100

"A3":                                   0x80
  INTVEC                    0x008000    0x80  <Block>
    .intvec        const    0x008000    0x80  interrupt.o [4]
                          - 0x008080    0x80

"P3" (*** FAILED ***):                 0x4fe
  .near.rodata     const                0xb6  stm8s_flash.o [1]
  .near.rodata     const                0xb6  stm8s_uart1.o [1]
  .near.rodata     const                0xb5  stm8s_exti.o [1]
  .near.rodata     const                0xb5  stm8s_gpio.o [1]
  .near.rodata     const                0xb4  stm8s_clk.o [1]
  .near.rodata     const                0xb4  stm8s_spi.o [1]
  .near.rodata     const                0x25  xstoul.o [4]
  .near.rodata     const                0x25  xstoul.o [4]
  .iar.init_table  const                 0x9  - Linker created -
  .near.rodata     const                0x15  cc2500.o [1]
  .near.rodata     const                0x15  cc2500.o [1]
  .near.rodata     const                 0x8  main_upwork_rb.o [1]
  .near.rodata     const                 0x7  main_upwork_rb.o [1]
  .near.rodata     const                 0x7  main_upwork_rb.o [1]
  .near.rodata     const                 0x7  main_upwork_rb.o [1]
  .near.rodata     const                 0x6  eeprom.o [1]
  .near.rodata     const                 0x6  main_upwork_rb.o [1]
  .near.rodata     const                 0x6  main_upwork_rb.o [1]
  .near.rodata     const                 0x4  eeprom.o [1]
  .near.rodata     const                 0x4  stm8s_clk.o [1]
  .near.rodata     const                 0x3  eeprom.o [1]
  .near.rodata     const                 0x3  stm8s_it.o [1]
  .near.rodata     const                 0x2  eeprom.o [1]
  .near.rodata     const                 0x2  main_upwork_rb.o [1]
  .near.rodata     const                 0x2  main_upwork_rb.o [1]
                                       0x4fe

"P4" (*** FAILED ***):                0x1af7
  .far_func.text   ro code             0x220  stm8s_uart1.o [1]
  .far_func.text   ro code             0x1eb  xstoul.o [4]
  .far_func.text   ro code             0x180  eeprom.o [1]
  .far_func.text   ro code             0x17f  long.o [4]
  .far_func.text   ro code             0x17c  cc2500.o [1]
  .far_func.text   ro code             0x132  stm8s_it.o [1]
  .far_func.text   ro code             0x12e  stm8s_spi.o [1]
  .far_func.text   ro code             0x129  vreg_util.o [4]
  .far_func.text   ro code             0x128  main_upwork_rb.o [1]
  .far_func.text   ro code              0xd2  stm8s_gpio.o [1]
  .far_func.text   ro code              0xcc  stm8s_exti.o [1]
  .far_func.text   ro code              0xbf  stm8s_uart1.o [1]
  .far_func.text   ro code              0x8f  stm8s_it.o [1]
  .far_func.text   ro code              0x8a  long_util.o [4]
  .far_func.text   ro code              0x7a  stm8s_uart1.o [1]
  .far_func.text   ro code              0x65  main_upwork_rb.o [1]
  .far_func.text   ro code              0x61  stm8s_flash.o [1]
  .far_func.text   ro code              0x5e  main_upwork_rb.o [1]
  .far_func.text   ro code              0x5c  cc2500.o [1]
  .far_func.text   ro code              0x5b  cc2500.o [1]
  .far_func.text   ro code              0x58  stm8s_flash.o [1]
  .far_func.text   ro code              0x58  dc_util.o [4]
  .far_func.text   ro code              0x57  stm8s_flash.o [1]
  .far_func.text   ro code              0x50  main_upwork_rb.o [1]
  .far_func.text   ro code              0x50  stm8s_gpio.o [1]
  .far_func.text   ro code              0x4e  crc.o [1]
  .far_func.text   ro code              0x4c  uart.o [1]
  .far_func.text   ro code              0x4b  main_upwork_rb.o [1]
  .far_func.text   ro code              0x49  main_upwork_rb.o [1]
  .far_func.text   ro code              0x49  uart.o [1]
  .far_func.text   ro code              0x49  strstr.o [4]
  .far_func.text   ro code              0x44  stm8s_spi.o [1]
  .far_func.text   ro code              0x41  cc2500.o [1]
  .far_func.text   ro code              0x40  main_upwork_rb.o [1]
  .far_func.text   ro code              0x3d  cc2500.o [1]
  .far_func.text   ro code              0x3c  stm8s_clk.o [1]
  .far_func.text   ro code              0x39  strncmp.o [4]
  .far_func.text   ro code              0x38  stm8s_flash.o [1]
  .far_func.text   ro code              0x36  stm8s_clk.o [1]
  .far_func.text   ro code              0x36  stm8s_uart1.o [1]
  .far_func.text   ro code              0x34  stm8s_spi.o [1]
  .far_func.text   ro code              0x2a  stm8s_exti.o [1]
  .far_func.text   ro code              0x2a  stm8s_flash.o [1]
  .far_func.text   ro code              0x29  main_upwork_rb.o [1]
  .far_func.text   ro code              0x1e  stm8s_it.o [1]
  .far_func.text   ro code              0x1e  init.o [4]
  .far_func.text   ro code              0x1e  init_small.o [4]
  .far_func.text   ro code              0x1a  main_upwork_rb.o [1]
  .far_func.text   ro code              0x19  main_upwork_rb.o [1]
  .far_func.text   ro code              0x17  cstartup.o [4]
  .far_func.text   ro code              0x16  __dbg_xxexit.o [3]
  .far_func.text   ro code              0x15  stm8s_spi.o [1]
  .far_func.text   ro code              0x15  memset.o [4]
  .far_func.text   ro code              0x15  strcat.o [4]
  .far_func.text   ro code              0x15  memchr.o [4]
  .far_func.text   ro code              0x12  strlen.o [4]
  .far_func.text   ro code              0x12  strcpy.o [4]
  .far_func.text   ro code              0x10  atoi.o [4]
  .far_func.text   ro code               0xe  far_util.o [4]
  .far_func.text   ro code               0xd  stm8s_uart1.o [1]
  .far_func.text   ro code               0xd  atol.o [4]
  .far_func.text   ro code               0xc  main_upwork_rb.o [1]
  .far_func.text   ro code               0x8  short.o [4]
  .far_func.text   ro code               0x6  char.o [4]
  .far_func.text   ro code               0x6  cexit.o [4]
  .far_func.text   ro code               0x4  main_upwork_rb.o [1]
  .far_func.text   ro code               0x4  stm8s_gpio.o [1]
  .far_func.text   ro code               0x4  stm8s_uart1.o [1]
  .far_func.text   ro code               0x4  stm8s_uart1.o [1]
  .far_func.text   ro code               0x4  interrupt.o [4]
  .far_func.text   ro code               0x4  exit.o [4]
  .far_func.text   ro code               0x3  stm8s_gpio.o [1]
  .far_func.text   ro code               0x3  stm8s_gpio.o [1]
  .far_func.text   ro code               0x3  low_level_init.o [4]
  .far_func.text   ro code               0x3  unhandled_exception.o [4]
  .far_func.text   ro code               0x2  main_upwork_rb.o [1]
  .far_func.text   ro code               0x1  stm8s_it.o [1]
  .far_func.text   ro code               0x1  stm8s_it.o [1]
  .far_func.text   ro code               0x1  stm8s_it.o [1]
  .far_func.text   ro code               0x1  stm8s_it.o [1]
  .far_func.text   ro code               0x1  stm8s_it.o [1]
  .far_func.text   ro code               0x1  stm8s_it.o [1]
  .far_func.text   ro code               0x1  stm8s_it.o [1]
  .far_func.text   ro code               0x1  stm8s_it.o [1]
  .far_func.text   ro code               0x1  stm8s_it.o [1]
  .far_func.text   ro code               0x1  stm8s_it.o [1]
  .far_func.text   ro code               0x1  stm8s_it.o [1]
  .far_func.text   ro code               0x1  stm8s_it.o [1]
  .far_func.text   ro code               0x1  stm8s_it.o [1]
  .far_func.text   ro code               0x1  stm8s_it.o [1]
  .far_func.text   ro code               0x1  stm8s_it.o [1]
  .far_func.text   ro code               0x1  stm8s_it.o [1]
  .far_func.text   ro code               0x1  stm8s_it.o [1]
  .far_func.text   ro code               0x1  __dbg_break.o [3]
                                      0x1af7


*******************************************************************************
*** INIT TABLE
***

          Address   Size
          -------   ----
Zero (__iar_zero_init2)
    1 destination range, total size 0x80:
          0x000010  0x80



*******************************************************************************
*** MODULE SUMMARY
***

    Module                 ro code  ro data  rw data
    ------                 -------  -------  -------
D:\Desktop Backup\All Programs\Ongoing Projects\Upwork_Project\Upwork_Project\CC2500_Wireless_UART_Link\STM8S_StdPeriph_Lib_V2.1.0\Project\STM8S_StdPeriph_Template\EWSTM8\STM8S103\Obj: [1]
    cc2500.o                   689       42
    crc.o                       78
    eeprom.o                   384       15
    main_upwork_rb.o           893       45      124
    stm8s_clk.o                114      184
    stm8s_exti.o               246      181
    stm8s_flash.o              370      182
    stm8s_gpio.o               300      181
    stm8s_it.o                 496        3        1
    stm8s_spi.o                443      180
    stm8s_uart1.o              932      182
    uart.o                     149                 1
    ------------------------------------------------
    Total:                   5 094    1 195      126

command line: [2]
    ------------------------------------------------
    Total:

dbgstm8mmd.a: [3]
    __dbg_break.o                1
    __dbg_xxexit.o              22
    ------------------------------------------------
    Total:                      23

dlstm8mmn.a: [4]
    atoi.o                      16
    atol.o                      13
    cexit.o                      6
    char.o                       6
    cstartup.o                  23
    dc_util.o                   88
    errno.o                                        2
    exit.o                       4
    far_util.o                  14
    init.o                      30
    init_small.o                30
    interrupt.o                  4      128
    long.o                     383
    long_util.o                138
    low_level_init.o             3
    memchr.o                    21
    memset.o                    21
    short.o                      8
    strcat.o                    21
    strcpy.o                    18
    strlen.o                    18
    strncmp.o                   57
    strstr.o                    73
    unhandled_exception.o        3
    vreg_util.o                297
    vregs.o                                       16
    xstoul.o                   491       74
    ------------------------------------------------
    Total:                   1 786      202       18

    Linker created                        9      256
----------------------------------------------------
    Grand Total:             6 903    1 406      400


*******************************************************************************
*** ENTRY LIST
***

Entry                      Address   Size  Type      Object
-----                      -------   ----  ----      ------
?add32_l0_l0_0x         0x000005bb         Code  Gb  long.o [4]
?add32_l0_l0_l1         0x000005b8         Code  Gb  long.o [4]
?b0                       0x000000         Data  Gb  vregs.o [4]
?b1                       0x000001         Data  Gb  vregs.o [4]
?b10                      0x00000a         Data  Gb  vregs.o [4]
?b11                      0x00000b         Data  Gb  vregs.o [4]
?b12                      0x00000c         Data  Gb  vregs.o [4]
?b13                      0x00000d         Data  Gb  vregs.o [4]
?b14                      0x00000e         Data  Gb  vregs.o [4]
?b15                      0x00000f         Data  Gb  vregs.o [4]
?b2                       0x000002         Data  Gb  vregs.o [4]
?b3                       0x000003         Data  Gb  vregs.o [4]
?b4                       0x000004         Data  Gb  vregs.o [4]
?b5                       0x000005         Data  Gb  vregs.o [4]
?b6                       0x000006         Data  Gb  vregs.o [4]
?b7                       0x000007         Data  Gb  vregs.o [4]
?b8                       0x000008         Data  Gb  vregs.o [4]
?b9                       0x000009         Data  Gb  vregs.o [4]
?dc32_l0                0x0000135a         Code  Gb  dc_util.o [4]
?dc32_l1                0x00001386         Code  Gb  dc_util.o [4]
?e0                       0x000001         Data  Gb  vregs.o [4]
?e1                       0x000005         Data  Gb  vregs.o [4]
?e2                       0x000009         Data  Gb  vregs.o [4]
?e3                       0x00000d         Data  Gb  vregs.o [4]
?epilogue_l2            0x00000b9c         Code  Gb  vreg_util.o [4]
?epilogue_l2_l3         0x00000b98         Code  Gb  vreg_util.o [4]
?epilogue_w4            0x00000ba1         Code  Gb  vreg_util.o [4]
?inc32_0x_0x            0x000005aa         Code  Gb  long.o [4]
?inc32_l0_l0            0x0000059b         Code  Gb  long.o [4]
?inc32_l1_l1            0x000005a0         Code  Gb  long.o [4]
?inc32_l2_l2            0x000005a5         Code  Gb  long.o [4]
?l0                       0x000000         Data  Gb  vregs.o [4]
?l1                       0x000004         Data  Gb  vregs.o [4]
?l2                       0x000008         Data  Gb  vregs.o [4]
?l3                       0x00000c         Data  Gb  vregs.o [4]
?load24_e1_0x           0x00001a77         Code  Gb  far_util.o [4]
?load32_0x_l0           0x00001079         Code  Gb  long_util.o [4]
?load32_0x_l1           0x00001087         Code  Gb  long_util.o [4]
?load32_0x_l2           0x0000109f         Code  Gb  long_util.o [4]
?load32_l0_0x           0x0000103d         Code  Gb  long_util.o [4]
?load32_l0_asp          0x00001031         Code  Gb  long_util.o [4]
?load32_l0_dbsp         0x00001023         Code  Gb  long_util.o [4]
?load32_l0_xsp          0x00001033         Code  Gb  long_util.o [4]
?load32_l1_0x           0x00001063         Code  Gb  long_util.o [4]
?load32_l1_asp          0x00001057         Code  Gb  long_util.o [4]
?load32_l1_dbsp         0x00001049         Code  Gb  long_util.o [4]
?load32_l1_xsp          0x00001059         Code  Gb  long_util.o [4]
?load32_xsp_l0          0x0000106f         Code  Gb  long_util.o [4]
?load32_xsp_l2          0x00001095         Code  Gb  long_util.o [4]
?mov_e0_e1              0x00000bb7         Code  Gb  vreg_util.o [4]
?mov_e0_e2              0x00000bc4         Code  Gb  vreg_util.o [4]
?mov_e0_e3              0x00000bd1         Code  Gb  vreg_util.o [4]
?mov_e1_e0              0x00000bde         Code  Gb  vreg_util.o [4]
?mov_e1_e2              0x00000beb         Code  Gb  vreg_util.o [4]
?mov_e2_e0              0x00000bf8         Code  Gb  vreg_util.o [4]
?mov_e3_e0              0x00000c05         Code  Gb  vreg_util.o [4]
?mov_l0_l1              0x00000bb4         Code  Gb  vreg_util.o [4]
?mov_l0_l2              0x00000bc1         Code  Gb  vreg_util.o [4]
?mov_l0_l3              0x00000bce         Code  Gb  vreg_util.o [4]
?mov_l1_l0              0x00000bdb         Code  Gb  vreg_util.o [4]
?mov_l1_l2              0x00000be8         Code  Gb  vreg_util.o [4]
?mov_l2_l0              0x00000bf5         Code  Gb  vreg_util.o [4]
?mov_l3_l0              0x00000c02         Code  Gb  vreg_util.o [4]
?mov_w0_w2              0x00000ba6         Code  Gb  vreg_util.o [4]
?mov_w1_w3              0x00000bba         Code  Gb  vreg_util.o [4]
?mov_w1_w5              0x00000bc7         Code  Gb  vreg_util.o [4]
?mov_w1_w7              0x00000bd4         Code  Gb  vreg_util.o [4]
?mov_w3_w1              0x00000be1         Code  Gb  vreg_util.o [4]
?mov_w3_w5              0x00000bee         Code  Gb  vreg_util.o [4]
?mov_w4_w0              0x00000bad         Code  Gb  vreg_util.o [4]
?mov_w5_w1              0x00000bfb         Code  Gb  vreg_util.o [4]
?mov_w7_w1              0x00000c08         Code  Gb  vreg_util.o [4]
?mul32_l0_l0_l1         0x000005ee         Code  Gb  long.o [4]
?neg32_l0_l0            0x0000058b         Code  Gb  long.o [4]
?pop_l0                 0x00000b60         Code  Gb  vreg_util.o [4]
?pop_l1                 0x00000b6b         Code  Gb  vreg_util.o [4]
?pop_l2                 0x00000b76         Code  Gb  vreg_util.o [4]
?pop_l3                 0x00000b81         Code  Gb  vreg_util.o [4]
?pop_w4                 0x00000b11         Code  Gb  vreg_util.o [4]
?pop_w7                 0x00000b18         Code  Gb  vreg_util.o [4]
?push_l0                0x00000b2b         Code  Gb  vreg_util.o [4]
?push_l1                0x00000b30         Code  Gb  vreg_util.o [4]
?push_l2                0x00000b35         Code  Gb  vreg_util.o [4]
?push_l3                0x00000b3a         Code  Gb  vreg_util.o [4]
?push_w0                0x00000ae6         Code  Gb  vreg_util.o [4]
?push_w1                0x00000aeb         Code  Gb  vreg_util.o [4]
?push_w4                0x00000af0         Code  Gb  vreg_util.o [4]
?push_w7                0x00000af5         Code  Gb  vreg_util.o [4]
?sext32_l0_x            0x000006ff         Code  Gb  long.o [4]
?sll16_x_x_a            0x00001aab         Code  Gb  short.o [4]
?sll32_0x_0x_a          0x000006f1         Code  Gb  long.o [4]
?sll32_l0_l0_a          0x000006ee         Code  Gb  long.o [4]
?sll8_a_a_5             0x00001ab4         Code  Gb  char.o [4]
?sll8_a_a_6             0x00001ab3         Code  Gb  char.o [4]
?sub32_l0_l0_0x         0x000005d6         Code  Gb  long.o [4]
?sub32_l0_l0_l1         0x000005d3         Code  Gb  long.o [4]
?ucmp32_c_l0_l1         0x000006e3         Code  Gb  long.o [4]
?udiv32_l0_dl_l1        0x0000066c         Code  Gb  long.o [4]
?udiv32_l0_l0_dl        0x00000672         Code  Gb  long.o [4]
?udiv32_l0_l0_l1        0x00000676         Code  Gb  long.o [4]
?umod32_l1_l0_l1        0x00000676         Code  Gb  long.o [4]
?w0                       0x000000         Data  Gb  vregs.o [4]
?w1                       0x000002         Data  Gb  vregs.o [4]
?w2                       0x000004         Data  Gb  vregs.o [4]
?w3                       0x000006         Data  Gb  vregs.o [4]
?w4                       0x000008         Data  Gb  vregs.o [4]
?w5                       0x00000a         Data  Gb  vregs.o [4]
?w6                       0x00000c         Data  Gb  vregs.o [4]
?w7                       0x00000e         Data  Gb  vregs.o [4]
ADC1_IRQHandler         0x00001af3    0x1  Code  Gb  stm8s_it.o [1]
AWU_IRQHandler          0x00001ae7    0x1  Code  Gb  stm8s_it.o [1]
CLK_GetClockFreq        0x0000176b   0x3c  Code  Gb  stm8s_clk.o [1]
CLK_HSIPrescalerConfig  0x00001818   0x36  Code  Gb  stm8s_clk.o [1]
CLK_IRQHandler          0x00001ae8    0x1  Code  Gb  stm8s_it.o [1]
CSTACK$$Base              0x000300          --   Gb  - Linker created -
CSTACK$$Limit             0x000400          --   Gb  - Linker created -
EEPROM_EEC_IRQHandler   0x00001af5    0x1  Code  Gb  stm8s_it.o [1]
EXTI_PORTA_IRQHandler   0x00001ae9    0x1  Code  Gb  stm8s_it.o [1]
EXTI_PORTB_IRQHandler   0x00001aea    0x1  Code  Gb  stm8s_it.o [1]
EXTI_PORTC_IRQHandler   0x00000886  0x132  Code  Gb  stm8s_it.o [1]
EXTI_PORTD_IRQHandler   0x00001935   0x1e  Code  Gb  stm8s_it.o [1]
EXTI_PORTE_IRQHandler   0x00001aeb    0x1  Code  Gb  stm8s_it.o [1]
EXTI_SetExtIntSensitivity
                        0x00000e09   0xcc  Code  Gb  stm8s_exti.o [1]
EXTI_SetTLISensitivity  0x000018b8   0x2a  Code  Gb  stm8s_exti.o [1]
FLASH_EraseByte         0x00001302   0x58  Code  Gb  stm8s_flash.o [1]
FLASH_ProgramByte       0x0000118c   0x61  Code  Gb  stm8s_flash.o [1]
FLASH_ReadByte          0x000013b2   0x57  Code  Gb  stm8s_flash.o [1]
FLASH_SetProgrammingTime
                        0x000018e2   0x2a  Code  Gb  stm8s_flash.o [1]
FLASH_Unlock            0x000017e0   0x38  Code  Gb  stm8s_flash.o [1]
GPIO_ExternalPullUpConfig
                        0x00001459   0x50  Code  Gb  stm8s_gpio.o [1]
GPIO_Init               0x00000d37   0xd2  Code  Gb  stm8s_gpio.o [1]
GPIO_ReadInputData      0x00001ada    0x3  Code  Gb  stm8s_gpio.o [1]
GPIO_WriteHigh          0x00001ad7    0x3  Code  Gb  stm8s_gpio.o [1]
GPIO_WriteLow           0x00001ac3    0x4  Code  Gb  stm8s_gpio.o [1]
HSIDivFactor            0x000004ee    0x4  Data  Gb  stm8s_clk.o [1]
I2C_IRQHandler          0x00001af2    0x1  Code  Gb  stm8s_it.o [1]
INTVEC$$Base              0x008000          --   Gb  - Linker created -
INTVEC$$Limit             0x008080          --   Gb  - Linker created -
RF_send_buff              0x000010   0x1e  Data  Gb  main_upwork_rb.o [1]
Read                    0x0000124b   0x5c  Code  Gb  cc2500.o [1]
Region$$Table$$Base     0x00000488          --   Gb  - Linker created -
Region$$Table$$Limit    0x00000491          --   Gb  - Linker created -
SPI_Cmd                 0x0000188c   0x2c  Code  Gb  stm8s_spi.o [1]
SPI_DeInit              0x000019ef   0x15  Code  Gb  stm8s_spi.o [1]
SPI_GetFlagStatus       0x00001669   0x44  Code  Gb  stm8s_spi.o [1]
SPI_IRQHandler          0x00001aec    0x1  Code  Gb  stm8s_it.o [1]
SPI_Init                0x000009b8  0x12e  Code  Gb  stm8s_spi.o [1]
SPI_ReceiveData         0x00001884    0x4  Code  Gb  stm8s_spi.o [1]
SPI_SendData            0x00001888    0x4  Code  Gb  stm8s_spi.o [1]
SendStrobe              0x0000172e   0x3d  Code  Gb  cc2500.o [1]
TIM1_CAP_COM_IRQHandler
                        0x00001aee    0x1  Code  Gb  stm8s_it.o [1]
TIM1_UPD_OVF_TRG_BRK_IRQHandler
                        0x00001aed    0x1  Code  Gb  stm8s_it.o [1]
TIM2_CAP_COM_IRQHandler
                        0x00001af0    0x1  Code  Gb  stm8s_it.o [1]
TIM2_UPD_OVF_BRK_IRQHandler
                        0x00001aef    0x1  Code  Gb  stm8s_it.o [1]
TIM4_UPD_OVF_IRQHandler
                        0x00001af4    0x1  Code  Gb  stm8s_it.o [1]
TLI_IRQHandler          0x00001ae6    0x1  Code  Gb  stm8s_it.o [1]
TRAP_IRQHandler         0x00001ae5    0x1  Code  Gb  stm8s_it.o [1]
UART1_ClearITPendingBit
                        0x0000184e   0x36  Code  Gb  stm8s_uart1.o [1]
UART1_Cmd               0x00001a85    0xd  Code  Gb  stm8s_uart1.o [1]
UART1_GetFlagStatus     0x000010ad   0x7a  Code  Gb  stm8s_uart1.o [1]
UART1_ITConfig          0x00000ed5   0xbf  Code  Gb  stm8s_uart1.o [1]
UART1_Init              0x00000000  0x220  Code  Gb  stm8s_uart1.o [1]
UART1_RX_IRQHandler     0x00000f94   0x8f  Code  Gb  stm8s_it.o [1]
UART1_ReceiveData8      0x00001ac7    0x4  Code  Gb  stm8s_uart1.o [1]
UART1_SendData8         0x00001acb    0x4  Code  Gb  stm8s_uart1.o [1]
UART1_TX_IRQHandler     0x00001af1    0x1  Code  Gb  stm8s_it.o [1]
Uart_send_buff            0x00002e   0x1e  Data  Gb  main_upwork_rb.o [1]
WriteReg                0x000012a7   0x5b  Code  Gb  cc2500.o [1]
__DebugBreak            0x00001af6    0x1  Code  Gb  __dbg_break.o [3]
__exit                  0x000019d9   0x16  Code  Gb  __dbg_xxexit.o [3]
__iar_Errno               0x00008b    0x2  Data  Gb  errno.o [4]
__iar_Memchr            0x00001a2e   0x15  Code  Gb  memchr.o [4]
__iar_Stoul             0x00000220    0x4  Code  Gb  xstoul.o [4]
__iar_Stoulx            0x00000224  0x1e7  Code  Gb  xstoul.o [4]
__iar_Strstr            0x00001620   0x49  Code  Gb  strstr.o [4]
__iar_data_init2        0x00001953   0x1e  Code  Gb  init.o [4]
__iar_program_start     0x000019c2         Code  Gb  cstartup.o [4]
__iar_unhandled_exception
                        0x00001ae0         Code  Gb  unhandled_exception.o [4]
__iar_zero_init2        0x00001971         Code  Gb  init_small.o [4]
__intvec                  0x008000         Data  Gb  interrupt.o [4]
__low_level_init        0x00001add    0x3  Code  Gb  low_level_init.o [4]
_exit                   0x00001ab9         Code  Gb  cexit.o [4]
_interrupt_1            0x00001ae5         Code  Gb  stm8s_it.o [1]
_interrupt_10           0x00001acf         Code  Wk  interrupt.o [4]
_interrupt_11           0x00001acf         Code  Wk  interrupt.o [4]
_interrupt_12           0x00001aec         Code  Gb  stm8s_it.o [1]
_interrupt_13           0x00001aed         Code  Gb  stm8s_it.o [1]
_interrupt_14           0x00001aee         Code  Gb  stm8s_it.o [1]
_interrupt_15           0x00001aef         Code  Gb  stm8s_it.o [1]
_interrupt_16           0x00001af0         Code  Gb  stm8s_it.o [1]
_interrupt_17           0x00001acf         Code  Wk  interrupt.o [4]
_interrupt_18           0x00001acf         Code  Wk  interrupt.o [4]
_interrupt_19           0x00001af1         Code  Gb  stm8s_it.o [1]
_interrupt_2            0x00001ae6         Code  Gb  stm8s_it.o [1]
_interrupt_20           0x00000f94         Code  Gb  stm8s_it.o [1]
_interrupt_21           0x00001af2         Code  Gb  stm8s_it.o [1]
_interrupt_22           0x00001acf         Code  Wk  interrupt.o [4]
_interrupt_23           0x00001acf         Code  Wk  interrupt.o [4]
_interrupt_24           0x00001af3         Code  Gb  stm8s_it.o [1]
_interrupt_25           0x00001af4         Code  Gb  stm8s_it.o [1]
_interrupt_26           0x00001af5         Code  Gb  stm8s_it.o [1]
_interrupt_27           0x00001acf         Code  Wk  interrupt.o [4]
_interrupt_28           0x00001acf         Code  Wk  interrupt.o [4]
_interrupt_29           0x00001acf         Code  Wk  interrupt.o [4]
_interrupt_3            0x00001ae7         Code  Gb  stm8s_it.o [1]
_interrupt_30           0x00001acf         Code  Wk  interrupt.o [4]
_interrupt_31           0x00001acf         Code  Wk  interrupt.o [4]
_interrupt_4            0x00001ae8         Code  Gb  stm8s_it.o [1]
_interrupt_5            0x00001ae9         Code  Gb  stm8s_it.o [1]
_interrupt_6            0x00001aea         Code  Gb  stm8s_it.o [1]
_interrupt_7            0x00000886         Code  Gb  stm8s_it.o [1]
_interrupt_8            0x00001935         Code  Gb  stm8s_it.o [1]
_interrupt_9            0x00001aeb         Code  Gb  stm8s_it.o [1]
a                         0x000089    0x2  Data  Gb  main_upwork_rb.o [1]
address_check           0x000019a9   0x19  Code  Gb  main_upwork_rb.o [1]
assert_failed           0x00001ae3    0x2  Code  Gb  main_upwork_rb.o [1]
atoi                    0x00001a67   0x10  Code  Gb  atoi.o [4]
atol                    0x00001a92    0xd  Code  Gb  atol.o [4]
baud_rate_array           0x00006a    0x8  Data  Gb  main_upwork_rb.o [1]
baudrate                  0x000077    0x4  Data  Gb  main_upwork_rb.o [1]
cc2500_mode             0x00000859   0x2d  Code  Gb  cc2500.o [1]
check_crc               0x000014a9   0x4e  Code  Gb  crc.o [1]
check_for               0x000011ed   0x5e  Code  Gb  main_upwork_rb.o [1]
check_for_parameter     0x00001127   0x65  Code  Gb  main_upwork_rb.o [1]
cid_array                 0x00007f    0x4  Data  Gb  main_upwork_rb.o [1]
crc_ok                  0x0000158e   0x49  Code  Gb  main_upwork_rb.o [1]
delay_ms                0x000016ad   0x41  Code  Gb  cc2500.o [1]
did_array                 0x000072    0x5  Data  Gb  main_upwork_rb.o [1]
did_val                   0x00008d    0x1  Data  Gb  main_upwork_rb.o [1]
digits                  0x0000043e   0x25  Data  Lc  xstoul.o [4]
exit                    0x00001ad3    0x4  Code  Gb  exit.o [4]
gpio_init               0x000016ee   0x40  Code  Gb  main_upwork_rb.o [1]
handle_uart_request     0x0000190c   0x29  Code  Gb  main_upwork_rb.o [1]
index                     0x00008f    0x1  Data  Gb  uart.o [1]
init_CC2500             0x00000729   0x24  Code  Gb  cc2500.o [1]
main                    0x00000c0f  0x128  Code  Gb  main_upwork_rb.o [1]
memset                  0x00001a04   0x15  Code  Gb  memset.o [4]
mode_array                0x000087    0x2  Data  Gb  main_upwork_rb.o [1]
ndigs                   0x00000463   0x25  Data  Lc  xstoul.o [4]
no_ack_msg              0x0000198f   0x1a  Code  Gb  main_upwork_rb.o [1]
no_broadcast            0x00001a9f    0xc  Code  Gb  main_upwork_rb.o [1]
read_array_from_eeprom  0x0000040b   0x3e  Code  Gb  eeprom.o [1]
read_data_from_eeprom   0x0000049d   0x5d  Code  Gb  eeprom.o [1]
register_addr           0x00000491   0x15  Data  Lc  cc2500.o [1]
register_value          0x000004a6   0x15  Data  Lc  cc2500.o [1]
rid_array                 0x000083    0x4  Data  Gb  main_upwork_rb.o [1]
send_ack                0x00001409   0x50  Code  Gb  main_upwork_rb.o [1]
send_data_rf            0x0000074d  0x10c  Code  Gb  cc2500.o [1]
send_data_uart          0x000015d7   0x49  Code  Gb  uart.o [1]
setup                   0x0000070a   0x1f  Code  Gb  cc2500.o [1]
spi_init                0x00001543   0x4b  Code  Gb  main_upwork_rb.o [1]
strcat                  0x00001a19   0x15  Code  Gb  strcat.o [4]
strcpy                  0x00001a55   0x12  Code  Gb  strcpy.o [4]
strlen                  0x00001a43   0x12  Code  Gb  strlen.o [4]
strncmp                 0x000017a7   0x39  Code  Gb  strncmp.o [4]
strstr                  0x00001abf    0x4  Code  Gb  main_upwork_rb.o [1]
uart_init               0x000014f7   0x4c  Code  Gb  uart.o [1]
uart_rcv_buff             0x00004c   0x1e  Data  Gb  main_upwork_rb.o [1]
wait_count                0x00007b    0x4  Data  Gb  main_upwork_rb.o [1]
write_array_to_eeprom   0x00000449   0x54  Code  Gb  eeprom.o [1]
write_data_to_eeprom    0x000004fa   0x91  Code  Gb  eeprom.o [1]


[1] = D:\Desktop Backup\All Programs\Ongoing Projects\Upwork_Project\Upwork_Project\CC2500_Wireless_UART_Link\STM8S_StdPeriph_Lib_V2.1.0\Project\STM8S_StdPeriph_Template\EWSTM8\STM8S103\Obj
[2] = command line
[3] = dbgstm8mmd.a
[4] = dlstm8mmn.a

  6 903 bytes of readonly  code memory
  1 406 bytes of readonly  data memory
    400 bytes of readwrite data memory

Errors: 1
Warnings: none
