###############################################################################
#                                                                             #
# IAR ELF Linker V1.40.1.50106 for STM8                 10/Jun/2016  23:43:07 #
# Copyright 2010-2013 IAR Systems AB.                                         #
#                                                                             #
#    Output file  =  D:\Desktop Backup\All Programs\Ongoing                   #
#                    Projects\Upwork_Project\Upwork_Project\CC2500_Wireless_U #
#                    ART_Link\STM8S_StdPeriph_Lib_V2.1.0\Project\STM8S_StdPer #
#                    iph_Template\EWSTM8\STM8S103\Exe\Project.out             #
#    Map file     =  D:\Desktop Backup\All Programs\Ongoing                   #
#                    Projects\Upwork_Project\Upwork_Project\CC2500_Wireless_U #
#                    ART_Link\STM8S_StdPeriph_Lib_V2.1.0\Project\STM8S_StdPer #
#                    iph_Template\EWSTM8\STM8S103\List\Project.map            #
#    Command line =  "D:\Desktop Backup\All Programs\Ongoing                  #
#                    Projects\Upwork_Project\Upwork_Project\CC2500_Wireless_U #
#                    ART_Link\STM8S_StdPeriph_Lib_V2.1.0\Project\STM8S_StdPer #
#                    iph_Template\EWSTM8\STM8S103\Obj\at_command.o"           #
#                    "D:\Desktop Backup\All Programs\Ongoing                  #
#                    Projects\Upwork_Project\Upwork_Project\CC2500_Wireless_U #
#                    ART_Link\STM8S_StdPeriph_Lib_V2.1.0\Project\STM8S_StdPer #
#                    iph_Template\EWSTM8\STM8S103\Obj\cc2500.o" "D:\Desktop   #
#                    Backup\All Programs\Ongoing                              #
#                    Projects\Upwork_Project\Upwork_Project\CC2500_Wireless_U #
#                    ART_Link\STM8S_StdPeriph_Lib_V2.1.0\Project\STM8S_StdPer #
#                    iph_Template\EWSTM8\STM8S103\Obj\crc.o" "D:\Desktop      #
#                    Backup\All Programs\Ongoing                              #
#                    Projects\Upwork_Project\Upwork_Project\CC2500_Wireless_U #
#                    ART_Link\STM8S_StdPeriph_Lib_V2.1.0\Project\STM8S_StdPer #
#                    iph_Template\EWSTM8\STM8S103\Obj\eeprom.o" "D:\Desktop   #
#                    Backup\All Programs\Ongoing                              #
#                    Projects\Upwork_Project\Upwork_Project\CC2500_Wireless_U #
#                    ART_Link\STM8S_StdPeriph_Lib_V2.1.0\Project\STM8S_StdPer #
#                    iph_Template\EWSTM8\STM8S103\Obj\main_upwork_rb.o"       #
#                    "D:\Desktop Backup\All Programs\Ongoing                  #
#                    Projects\Upwork_Project\Upwork_Project\CC2500_Wireless_U #
#                    ART_Link\STM8S_StdPeriph_Lib_V2.1.0\Project\STM8S_StdPer #
#                    iph_Template\EWSTM8\STM8S103\Obj\stm8s_adc1.o"           #
#                    "D:\Desktop Backup\All Programs\Ongoing                  #
#                    Projects\Upwork_Project\Upwork_Project\CC2500_Wireless_U #
#                    ART_Link\STM8S_StdPeriph_Lib_V2.1.0\Project\STM8S_StdPer #
#                    iph_Template\EWSTM8\STM8S103\Obj\stm8s_awu.o"            #
#                    "D:\Desktop Backup\All Programs\Ongoing                  #
#                    Projects\Upwork_Project\Upwork_Project\CC2500_Wireless_U #
#                    ART_Link\STM8S_StdPeriph_Lib_V2.1.0\Project\STM8S_StdPer #
#                    iph_Template\EWSTM8\STM8S103\Obj\stm8s_beep.o"           #
#                    "D:\Desktop Backup\All Programs\Ongoing                  #
#                    Projects\Upwork_Project\Upwork_Project\CC2500_Wireless_U #
#                    ART_Link\STM8S_StdPeriph_Lib_V2.1.0\Project\STM8S_StdPer #
#                    iph_Template\EWSTM8\STM8S103\Obj\stm8s_clk.o"            #
#                    "D:\Desktop Backup\All Programs\Ongoing                  #
#                    Projects\Upwork_Project\Upwork_Project\CC2500_Wireless_U #
#                    ART_Link\STM8S_StdPeriph_Lib_V2.1.0\Project\STM8S_StdPer #
#                    iph_Template\EWSTM8\STM8S103\Obj\stm8s_exti.o"           #
#                    "D:\Desktop Backup\All Programs\Ongoing                  #
#                    Projects\Upwork_Project\Upwork_Project\CC2500_Wireless_U #
#                    ART_Link\STM8S_StdPeriph_Lib_V2.1.0\Project\STM8S_StdPer #
#                    iph_Template\EWSTM8\STM8S103\Obj\stm8s_flash.o"          #
#                    "D:\Desktop Backup\All Programs\Ongoing                  #
#                    Projects\Upwork_Project\Upwork_Project\CC2500_Wireless_U #
#                    ART_Link\STM8S_StdPeriph_Lib_V2.1.0\Project\STM8S_StdPer #
#                    iph_Template\EWSTM8\STM8S103\Obj\stm8s_gpio.o"           #
#                    "D:\Desktop Backup\All Programs\Ongoing                  #
#                    Projects\Upwork_Project\Upwork_Project\CC2500_Wireless_U #
#                    ART_Link\STM8S_StdPeriph_Lib_V2.1.0\Project\STM8S_StdPer #
#                    iph_Template\EWSTM8\STM8S103\Obj\stm8s_i2c.o"            #
#                    "D:\Desktop Backup\All Programs\Ongoing                  #
#                    Projects\Upwork_Project\Upwork_Project\CC2500_Wireless_U #
#                    ART_Link\STM8S_StdPeriph_Lib_V2.1.0\Project\STM8S_StdPer #
#                    iph_Template\EWSTM8\STM8S103\Obj\stm8s_it.o"             #
#                    "D:\Desktop Backup\All Programs\Ongoing                  #
#                    Projects\Upwork_Project\Upwork_Project\CC2500_Wireless_U #
#                    ART_Link\STM8S_StdPeriph_Lib_V2.1.0\Project\STM8S_StdPer #
#                    iph_Template\EWSTM8\STM8S103\Obj\stm8s_itc.o"            #
#                    "D:\Desktop Backup\All Programs\Ongoing                  #
#                    Projects\Upwork_Project\Upwork_Project\CC2500_Wireless_U #
#                    ART_Link\STM8S_StdPeriph_Lib_V2.1.0\Project\STM8S_StdPer #
#                    iph_Template\EWSTM8\STM8S103\Obj\stm8s_iwdg.o"           #
#                    "D:\Desktop Backup\All Programs\Ongoing                  #
#                    Projects\Upwork_Project\Upwork_Project\CC2500_Wireless_U #
#                    ART_Link\STM8S_StdPeriph_Lib_V2.1.0\Project\STM8S_StdPer #
#                    iph_Template\EWSTM8\STM8S103\Obj\stm8s_rst.o"            #
#                    "D:\Desktop Backup\All Programs\Ongoing                  #
#                    Projects\Upwork_Project\Upwork_Project\CC2500_Wireless_U #
#                    ART_Link\STM8S_StdPeriph_Lib_V2.1.0\Project\STM8S_StdPer #
#                    iph_Template\EWSTM8\STM8S103\Obj\stm8s_spi.o"            #
#                    "D:\Desktop Backup\All Programs\Ongoing                  #
#                    Projects\Upwork_Project\Upwork_Project\CC2500_Wireless_U #
#                    ART_Link\STM8S_StdPeriph_Lib_V2.1.0\Project\STM8S_StdPer #
#                    iph_Template\EWSTM8\STM8S103\Obj\stm8s_tim1.o"           #
#                    "D:\Desktop Backup\All Programs\Ongoing                  #
#                    Projects\Upwork_Project\Upwork_Project\CC2500_Wireless_U #
#                    ART_Link\STM8S_StdPeriph_Lib_V2.1.0\Project\STM8S_StdPer #
#                    iph_Template\EWSTM8\STM8S103\Obj\stm8s_tim2.o"           #
#                    "D:\Desktop Backup\All Programs\Ongoing                  #
#                    Projects\Upwork_Project\Upwork_Project\CC2500_Wireless_U #
#                    ART_Link\STM8S_StdPeriph_Lib_V2.1.0\Project\STM8S_StdPer #
#                    iph_Template\EWSTM8\STM8S103\Obj\stm8s_tim4.o"           #
#                    "D:\Desktop Backup\All Programs\Ongoing                  #
#                    Projects\Upwork_Project\Upwork_Project\CC2500_Wireless_U #
#                    ART_Link\STM8S_StdPeriph_Lib_V2.1.0\Project\STM8S_StdPer #
#                    iph_Template\EWSTM8\STM8S103\Obj\stm8s_uart1.o"          #
#                    "D:\Desktop Backup\All Programs\Ongoing                  #
#                    Projects\Upwork_Project\Upwork_Project\CC2500_Wireless_U #
#                    ART_Link\STM8S_StdPeriph_Lib_V2.1.0\Project\STM8S_StdPer #
#                    iph_Template\EWSTM8\STM8S103\Obj\stm8s_wwdg.o"           #
#                    "D:\Desktop Backup\All Programs\Ongoing                  #
#                    Projects\Upwork_Project\Upwork_Project\CC2500_Wireless_U #
#                    ART_Link\STM8S_StdPeriph_Lib_V2.1.0\Project\STM8S_StdPer #
#                    iph_Template\EWSTM8\STM8S103\Obj\uart.o" --redirect      #
#                    _Printf=_PrintfFullNoMb --redirect                       #
#                    _Scanf=_ScanfFullNoMb -o "D:\Desktop Backup\All          #
#                    Programs\Ongoing Projects\Upwork_Project\Upwork_Project\ #
#                    CC2500_Wireless_UART_Link\STM8S_StdPeriph_Lib_V2.1.0\Pro #
#                    ject\STM8S_StdPeriph_Template\EWSTM8\STM8S103\Exe\Projec #
#                    t.out" --map "D:\Desktop Backup\All Programs\Ongoing     #
#                    Projects\Upwork_Project\Upwork_Project\CC2500_Wireless_U #
#                    ART_Link\STM8S_StdPeriph_Lib_V2.1.0\Project\STM8S_StdPer #
#                    iph_Template\EWSTM8\STM8S103\List\Project.map" --log     #
#                    libraries,initialization,modules,redirects,sections,     #
#                    unused_fragments --log_file "D:\Desktop Backup\All       #
#                    Programs\Ongoing Projects\Upwork_Project\Upwork_Project\ #
#                    CC2500_Wireless_UART_Link\STM8S_StdPeriph_Lib_V2.1.0\Pro #
#                    ject\STM8S_StdPeriph_Template\EWSTM8\STM8S103\List\Proje #
#                    ct.log" --config "C:\Program Files\IAR Systems\Embedded  #
#                    Workbench 6.5\stm8\config\lnkstm8s103f3.icf"             #
#                    --config_def _CSTACK_SIZE=0x100 --config_def             #
#                    _HEAP_SIZE=0x100 --entry __iar_program_start --debug_lib #
#                                                                             #
#                                                                             #
###############################################################################

*******************************************************************************
*** MESSAGES
***

Error[Lp011]: section placement failed
          unable to allocate space for sections/blocks with a total estimated
                    minimum size of 0x2359 bytes in <[0x008000-0x009fff]>
                    (total uncommitted space 0x1f80).


*******************************************************************************
*** RUNTIME MODEL ATTRIBUTES
***

__SystemLibrary            = DLib
__code_model               = medium_or_large
__core                     = stm8
__data_model               = medium
__dlib_file_descriptor     = 0
__dlib_full_locale_support = 0
__rt_version               = 4


*******************************************************************************
*** PLACEMENT SUMMARY
***

"A1":  place at start of [0x000000-0x0000ff] { rw section .vregs };
"A2":  place at end of [0x000000-0x0003ff] { block CSTACK };
"P2":  place in [from 0x000000 to 0x0003ff] {
          block HEAP, rw section .far.bss, rw section .far.data,
          rw section .far.noinit, rw section .far_func.textrw,
          rw section .huge.bss, rw section .huge.data, rw section .huge.noinit,
          rw section .huge_func.textrw, rw section .iar.dynexit,
          rw section .near.bss, rw section .near.data, rw section .near.noinit,
          rw section .near_func.textrw };
"A3":  place at start of [0x008000-0x009fff] { block INTVEC };
"P3":  place in [from 0x008000 to 0x009fff] {
          ro section .far.data_init, ro section .far_func.textrw_init,
          ro section .huge.data_init, ro section .huge_func.textrw_init,
          ro section .iar.init_table, ro section .init_array,
          ro section .near.data_init, ro section .near.rodata,
          ro section .near_func.text, ro section .near_func.textrw_init,
          ro section .tiny.data_init, ro section .tiny.rodata_init };
"P4":  place in [from 0x008000 to 0x009fff] {
          ro section .far.rodata, ro section .far_func.text };

  Section            Kind      Address    Size  Object
  -------            ----      -------    ----  ------
"A1":                                     0x10
  .vregs             uninit   0x000000    0x10  vregs.o [4]
                            - 0x000010    0x10

"P2", part 1 of 2:                        0x64
  P2 s0                       0x000010    0x64  <Init block>
    .near.data       inited   0x000010    0x32  cc2500.o [1]
    .near.data       inited   0x000042    0x32  cc2500.o [1]
                            - 0x000074    0x64

"P2", part 2 of 2:                        0xc2
  .near.bss          zero     0x000074    0x32  main_upwork_rb.o [1]
  .near.bss          zero     0x0000a6    0x32  main_upwork_rb.o [1]
  .near.bss          zero     0x0000d8    0x32  main_upwork_rb.o [1]
  .near.bss          zero     0x00010a     0x8  main_upwork_rb.o [1]
  .near.bss          zero     0x000112     0x5  main_upwork_rb.o [1]
  .near.bss          zero     0x000117     0x4  main_upwork_rb.o [1]
  .near.bss          zero     0x00011b     0x4  main_upwork_rb.o [1]
  .near.bss          zero     0x00011f     0x4  main_upwork_rb.o [1]
  .near.bss          zero     0x000123     0x4  main_upwork_rb.o [1]
  .near.bss          zero     0x000127     0x2  main_upwork_rb.o [1]
  .near.bss          zero     0x000129     0x2  main_upwork_rb.o [1]
  .near.bss          zero     0x00012b     0x2  main_upwork_rb.o [1]
  .near.bss          zero     0x00012d     0x2  main_upwork_rb.o [1]
  .near.bss          zero     0x00012f     0x2  main_upwork_rb.o [1]
  .near.bss          zero     0x000131     0x2  errno.o [4]
  .near.bss          zero     0x000133     0x1  main_upwork_rb.o [1]
  .near.bss          zero     0x000134     0x1  stm8s_it.o [1]
  .near.bss          zero     0x000135     0x1  uart.o [1]
                            - 0x000136    0xc2

"A2":                                    0x100
  CSTACK                      0x000300   0x100  <Block>
    CSTACK           uninit   0x000300   0x100  <Block tail>
                            - 0x000400   0x100

"A3":                                     0x80
  INTVEC                      0x008000    0x80  <Block>
    .intvec          const    0x008000    0x80  interrupt.o [4]
                            - 0x008080    0x80

"P3", part 1 of 2 (*** FAILED ***):      0x4e7
  .near.rodata       const                0xb6  stm8s_flash.o [1]
  .near.rodata       const                0xb6  stm8s_uart1.o [1]
  .near.rodata       const                0xb5  stm8s_exti.o [1]
  .near.rodata       const                0xb5  stm8s_gpio.o [1]
  .near.rodata       const                0xb4  stm8s_clk.o [1]
  .near.rodata       const                0xb4  stm8s_spi.o [1]
  .near.rodata       const                0x25  xstoul.o [4]
  .near.rodata       const                0x25  xstoul.o [4]
  .iar.init_table    const                 0xe  - Linker created -
  .near.rodata       const                 0x8  main_upwork_rb.o [1]
  .near.rodata       const                 0x7  main_upwork_rb.o [1]
  .near.rodata       const                 0x7  main_upwork_rb.o [1]
  .near.rodata       const                 0x7  main_upwork_rb.o [1]
  .near.rodata       const                 0x6  eeprom.o [1]
  .near.rodata       const                 0x6  main_upwork_rb.o [1]
  .near.rodata       const                 0x6  main_upwork_rb.o [1]
  .near.rodata       const                 0x4  eeprom.o [1]
  .near.rodata       const                 0x4  main_upwork_rb.o [1]
  .near.rodata       const                 0x4  stm8s_clk.o [1]
  .near.rodata       const                 0x3  eeprom.o [1]
  .near.rodata       const                 0x3  stm8s_it.o [1]
  .near.rodata       const                 0x2  eeprom.o [1]
  .near.rodata       const                 0x2  main_upwork_rb.o [1]
  .near.rodata       const                 0x2  main_upwork_rb.o [1]
  .near.rodata       const                 0x2  main_upwork_rb.o [1]
  .near.rodata       const                 0x2  uart.o [1]
                                         0x4e7

"P3", part 2 of 2 (*** FAILED ***):       0x64
  Initializer bytes  ro data              0x64  <for P2 s0> (used: 0x0)
                                          0x64

"P4" (*** FAILED ***):                  0x1e0e
  .far_func.text     ro code             0x254  stm8s_uart1.o [1]
  .far_func.text     ro code             0x1eb  xstoul.o [4]
  .far_func.text     ro code             0x17f  long.o [4]
  .far_func.text     ro code             0x14e  main_upwork_rb.o [1]
  .far_func.text     ro code             0x14a  stm8s_spi.o [1]
  .far_func.text     ro code             0x131  vreg_util.o [4]
  .far_func.text     ro code             0x118  main_upwork_rb.o [1]
  .far_func.text     ro code             0x116  stm8s_gpio.o [1]
  .far_func.text     ro code             0x10f  cc2500.o [1]
  .far_func.text     ro code              0xe6  stm8s_it.o [1]
  .far_func.text     ro code              0xd5  stm8s_uart1.o [1]
  .far_func.text     ro code              0xd3  stm8s_exti.o [1]
  .far_func.text     ro code              0xb1  stm8s_uart1.o [1]
  .far_func.text     ro code              0xae  stm8s_it.o [1]
  .far_func.text     ro code              0xac  eeprom.o [1]
  .far_func.text     ro code              0x8a  long_util.o [4]
  .far_func.text     ro code              0x86  stm8s_clk.o [1]
  .far_func.text     ro code              0x65  cc2500.o [1]
  .far_func.text     ro code              0x65  main_upwork_rb.o [1]
  .far_func.text     ro code              0x63  cc2500.o [1]
  .far_func.text     ro code              0x62  eeprom.o [1]
  .far_func.text     ro code              0x60  stm8s_flash.o [1]
  .far_func.text     ro code              0x5e  eeprom.o [1]
  .far_func.text     ro code              0x5e  stm8s_gpio.o [1]
  .far_func.text     ro code              0x59  stm8s_spi.o [1]
  .far_func.text     ro code              0x58  dc_util.o [4]
  .far_func.text     ro code              0x57  stm8s_flash.o [1]
  .far_func.text     ro code              0x56  crc.o [1]
  .far_func.text     ro code              0x56  stm8s_flash.o [1]
  .far_func.text     ro code              0x55  main_upwork_rb.o [1]
  .far_func.text     ro code              0x4c  main_upwork_rb.o [1]
  .far_func.text     ro code              0x4b  cc2500.o [1]
  .far_func.text     ro code              0x4a  main_upwork_rb.o [1]
  .far_func.text     ro code              0x49  strstr.o [4]
  .far_func.text     ro code              0x47  uart.o [1]
  .far_func.text     ro code              0x3f  eeprom.o [1]
  .far_func.text     ro code              0x3e  cc2500.o [1]
  .far_func.text     ro code              0x3e  stm8s_clk.o [1]
  .far_func.text     ro code              0x3c  cc2500.o [1]
  .far_func.text     ro code              0x3c  stm8s_flash.o [1]
  .far_func.text     ro code              0x3b  strncpy.o [4]
  .far_func.text     ro code              0x39  cc2500.o [1]
  .far_func.text     ro code              0x39  strncmp.o [4]
  .far_func.text     ro code              0x38  stm8s_uart1.o [1]
  .far_func.text     ro code              0x36  main_upwork_rb.o [1]
  .far_func.text     ro code              0x34  main_upwork_rb.o [1]
  .far_func.text     ro code              0x30  stm8s_spi.o [1]
  .far_func.text     ro code              0x30  uart.o [1]
  .far_func.text     ro code              0x2e  stm8s_exti.o [1]
  .far_func.text     ro code              0x2e  stm8s_flash.o [1]
  .far_func.text     ro code              0x29  main_upwork_rb.o [1]
  .far_func.text     ro code              0x28  init_small.o [4]
  .far_func.text     ro code              0x21  main_upwork_rb.o [1]
  .far_func.text     ro code              0x20  cc2500.o [1]
  .far_func.text     ro code              0x1e  stm8s_it.o [1]
  .far_func.text     ro code              0x1e  init.o [4]
  .far_func.text     ro code              0x1e  init_small.o [4]
  .far_func.text     ro code              0x17  cstartup.o [4]
  .far_func.text     ro code              0x16  main_upwork_rb.o [1]
  .far_func.text     ro code              0x16  __dbg_xxexit.o [3]
  .far_func.text     ro code              0x15  stm8s_spi.o [1]
  .far_func.text     ro code              0x15  memset.o [4]
  .far_func.text     ro code              0x15  strcat.o [4]
  .far_func.text     ro code              0x15  memchr.o [4]
  .far_func.text     ro code              0x12  strlen.o [4]
  .far_func.text     ro code              0x12  strcpy.o [4]
  .far_func.text     ro code              0x10  atoi.o [4]
  .far_func.text     ro code               0xe  stm8s_uart1.o [1]
  .far_func.text     ro code               0xe  far_util.o [4]
  .far_func.text     ro code               0xd  atol.o [4]
  .far_func.text     ro code               0x8  stm8s_gpio.o [1]
  .far_func.text     ro code               0x8  short.o [4]
  .far_func.text     ro code               0x7  stm8s_gpio.o [1]
  .far_func.text     ro code               0x6  main_upwork_rb.o [1]
  .far_func.text     ro code               0x6  char.o [4]
  .far_func.text     ro code               0x6  cexit.o [4]
  .far_func.text     ro code               0x4  stm8s_spi.o [1]
  .far_func.text     ro code               0x4  stm8s_spi.o [1]
  .far_func.text     ro code               0x4  stm8s_uart1.o [1]
  .far_func.text     ro code               0x4  stm8s_uart1.o [1]
  .far_func.text     ro code               0x4  interrupt.o [4]
  .far_func.text     ro code               0x4  exit.o [4]
  .far_func.text     ro code               0x3  stm8s_gpio.o [1]
  .far_func.text     ro code               0x3  low_level_init.o [4]
  .far_func.text     ro code               0x3  unhandled_exception.o [4]
  .far_func.text     ro code               0x2  main_upwork_rb.o [1]
  .far_func.text     ro code               0x1  stm8s_it.o [1]
  .far_func.text     ro code               0x1  stm8s_it.o [1]
  .far_func.text     ro code               0x1  stm8s_it.o [1]
  .far_func.text     ro code               0x1  stm8s_it.o [1]
  .far_func.text     ro code               0x1  stm8s_it.o [1]
  .far_func.text     ro code               0x1  stm8s_it.o [1]
  .far_func.text     ro code               0x1  stm8s_it.o [1]
  .far_func.text     ro code               0x1  stm8s_it.o [1]
  .far_func.text     ro code               0x1  stm8s_it.o [1]
  .far_func.text     ro code               0x1  stm8s_it.o [1]
  .far_func.text     ro code               0x1  stm8s_it.o [1]
  .far_func.text     ro code               0x1  stm8s_it.o [1]
  .far_func.text     ro code               0x1  stm8s_it.o [1]
  .far_func.text     ro code               0x1  stm8s_it.o [1]
  .far_func.text     ro code               0x1  stm8s_it.o [1]
  .far_func.text     ro code               0x1  stm8s_it.o [1]
  .far_func.text     ro code               0x1  stm8s_it.o [1]
  .far_func.text     ro code               0x1  __dbg_break.o [3]
                                        0x1e0e


*******************************************************************************
*** INIT TABLE
***

          Address   Size
          -------   ----
Zero (__iar_zero_init2)
    1 destination range, total size 0xc2:
          0x000074  0xc2

Copy (__iar_copy_init2)
    1 destination range, total size 0x64:
          0x000010  0x64



*******************************************************************************
*** MODULE SUMMARY
***

    Module                 ro code  ro data  rw data
    ------                 -------  -------  -------
D:\Desktop Backup\All Programs\Ongoing Projects\Upwork_Project\Upwork_Project\CC2500_Wireless_UART_Link\STM8S_StdPeriph_Lib_V2.1.0\Project\STM8S_StdPeriph_Template\EWSTM8\STM8S103\Obj: [1]
    cc2500.o                   757               100
    crc.o                       86
    eeprom.o                   427       15
    main_upwork_rb.o         1 160       51      190
    stm8s_clk.o                196      184
    stm8s_exti.o               257      181
    stm8s_flash.o              375      182
    stm8s_gpio.o               390      181
    stm8s_it.o                 451        3        1
    stm8s_spi.o                496      180
    stm8s_uart1.o            1 064      182
    uart.o                     119        2        1
    ------------------------------------------------
    Total:                   5 778    1 161      292

command line: [2]
    ------------------------------------------------
    Total:

dbgstm8mmd.a: [3]
    __dbg_break.o                1
    __dbg_xxexit.o              22
    ------------------------------------------------
    Total:                      23

dlstm8mmn.a: [4]
    atoi.o                      16
    atol.o                      13
    cexit.o                      6
    char.o                       6
    cstartup.o                  23
    dc_util.o                   88
    errno.o                                        2
    exit.o                       4
    far_util.o                  14
    init.o                      30
    init_small.o                70
    interrupt.o                  4      128
    long.o                     383
    long_util.o                138
    low_level_init.o             3
    memchr.o                    21
    memset.o                    21
    short.o                      8
    strcat.o                    21
    strcpy.o                    18
    strlen.o                    18
    strncmp.o                   57
    strncpy.o                   59
    strstr.o                    73
    unhandled_exception.o        3
    vreg_util.o                305
    vregs.o                                       16
    xstoul.o                   491       74
    ------------------------------------------------
    Total:                   1 893      202       18

    Linker created                      114      256
----------------------------------------------------
    Grand Total:             7 694    1 477      566


*******************************************************************************
*** ENTRY LIST
***

Entry                      Address   Size  Type      Object
-----                      -------   ----  ----      ------
?add32_l0_l0_0x         0x0000046f         Code  Gb  long.o [4]
?add32_l0_l0_l1         0x0000046c         Code  Gb  long.o [4]
?b0                       0x000000         Data  Gb  vregs.o [4]
?b1                       0x000001         Data  Gb  vregs.o [4]
?b10                      0x00000a         Data  Gb  vregs.o [4]
?b11                      0x00000b         Data  Gb  vregs.o [4]
?b12                      0x00000c         Data  Gb  vregs.o [4]
?b13                      0x00000d         Data  Gb  vregs.o [4]
?b14                      0x00000e         Data  Gb  vregs.o [4]
?b15                      0x00000f         Data  Gb  vregs.o [4]
?b2                       0x000002         Data  Gb  vregs.o [4]
?b3                       0x000003         Data  Gb  vregs.o [4]
?b4                       0x000004         Data  Gb  vregs.o [4]
?b5                       0x000005         Data  Gb  vregs.o [4]
?b6                       0x000006         Data  Gb  vregs.o [4]
?b7                       0x000007         Data  Gb  vregs.o [4]
?b8                       0x000008         Data  Gb  vregs.o [4]
?b9                       0x000009         Data  Gb  vregs.o [4]
?dc32_l0                0x00001571         Code  Gb  dc_util.o [4]
?dc32_l1                0x0000159d         Code  Gb  dc_util.o [4]
?e0                       0x000001         Data  Gb  vregs.o [4]
?e1                       0x000005         Data  Gb  vregs.o [4]
?e2                       0x000009         Data  Gb  vregs.o [4]
?e3                       0x00000d         Data  Gb  vregs.o [4]
?epilogue_l2            0x00000918         Code  Gb  vreg_util.o [4]
?epilogue_l2_l3         0x00000914         Code  Gb  vreg_util.o [4]
?epilogue_l2_w6         0x0000091d         Code  Gb  vreg_util.o [4]
?epilogue_w4            0x00000926         Code  Gb  vreg_util.o [4]
?inc32_0x_0x            0x0000045e         Code  Gb  long.o [4]
?inc32_l0_l0            0x0000044f         Code  Gb  long.o [4]
?inc32_l1_l1            0x00000454         Code  Gb  long.o [4]
?inc32_l2_l2            0x00000459         Code  Gb  long.o [4]
?l0                       0x000000         Data  Gb  vregs.o [4]
?l1                       0x000004         Data  Gb  vregs.o [4]
?l2                       0x000008         Data  Gb  vregs.o [4]
?l3                       0x00000c         Data  Gb  vregs.o [4]
?load24_e1_0x           0x00001d95         Code  Gb  far_util.o [4]
?load32_0x_l0           0x000011b3         Code  Gb  long_util.o [4]
?load32_0x_l1           0x000011c1         Code  Gb  long_util.o [4]
?load32_0x_l2           0x000011d9         Code  Gb  long_util.o [4]
?load32_l0_0x           0x00001177         Code  Gb  long_util.o [4]
?load32_l0_asp          0x0000116b         Code  Gb  long_util.o [4]
?load32_l0_dbsp         0x0000115d         Code  Gb  long_util.o [4]
?load32_l0_xsp          0x0000116d         Code  Gb  long_util.o [4]
?load32_l1_0x           0x0000119d         Code  Gb  long_util.o [4]
?load32_l1_asp          0x00001191         Code  Gb  long_util.o [4]
?load32_l1_dbsp         0x00001183         Code  Gb  long_util.o [4]
?load32_l1_xsp          0x00001193         Code  Gb  long_util.o [4]
?load32_xsp_l0          0x000011a9         Code  Gb  long_util.o [4]
?load32_xsp_l2          0x000011cf         Code  Gb  long_util.o [4]
?mov_e0_e1              0x0000093c         Code  Gb  vreg_util.o [4]
?mov_e0_e2              0x00000949         Code  Gb  vreg_util.o [4]
?mov_e0_e3              0x00000956         Code  Gb  vreg_util.o [4]
?mov_e1_e0              0x00000963         Code  Gb  vreg_util.o [4]
?mov_e2_e0              0x00000970         Code  Gb  vreg_util.o [4]
?mov_e3_e0              0x0000097d         Code  Gb  vreg_util.o [4]
?mov_l0_l1              0x00000939         Code  Gb  vreg_util.o [4]
?mov_l0_l2              0x00000946         Code  Gb  vreg_util.o [4]
?mov_l0_l3              0x00000953         Code  Gb  vreg_util.o [4]
?mov_l1_l0              0x00000960         Code  Gb  vreg_util.o [4]
?mov_l2_l0              0x0000096d         Code  Gb  vreg_util.o [4]
?mov_l3_l0              0x0000097a         Code  Gb  vreg_util.o [4]
?mov_w0_w1              0x0000092b         Code  Gb  vreg_util.o [4]
?mov_w0_w2              0x00000932         Code  Gb  vreg_util.o [4]
?mov_w1_w3              0x0000093f         Code  Gb  vreg_util.o [4]
?mov_w1_w5              0x0000094c         Code  Gb  vreg_util.o [4]
?mov_w1_w7              0x00000959         Code  Gb  vreg_util.o [4]
?mov_w3_w1              0x00000966         Code  Gb  vreg_util.o [4]
?mov_w5_w1              0x00000973         Code  Gb  vreg_util.o [4]
?mov_w7_w1              0x00000980         Code  Gb  vreg_util.o [4]
?mul32_l0_l0_l1         0x000004a2         Code  Gb  long.o [4]
?neg32_l0_l0            0x0000043f         Code  Gb  long.o [4]
?pop_l0                 0x000008dc         Code  Gb  vreg_util.o [4]
?pop_l1                 0x000008e7         Code  Gb  vreg_util.o [4]
?pop_l2                 0x000008f2         Code  Gb  vreg_util.o [4]
?pop_l3                 0x000008fd         Code  Gb  vreg_util.o [4]
?pop_w4                 0x00000886         Code  Gb  vreg_util.o [4]
?pop_w6                 0x0000088d         Code  Gb  vreg_util.o [4]
?pop_w7                 0x00000894         Code  Gb  vreg_util.o [4]
?push_l0                0x000008a7         Code  Gb  vreg_util.o [4]
?push_l1                0x000008ac         Code  Gb  vreg_util.o [4]
?push_l2                0x000008b1         Code  Gb  vreg_util.o [4]
?push_l3                0x000008b6         Code  Gb  vreg_util.o [4]
?push_w0                0x00000856         Code  Gb  vreg_util.o [4]
?push_w1                0x0000085b         Code  Gb  vreg_util.o [4]
?push_w4                0x00000860         Code  Gb  vreg_util.o [4]
?push_w6                0x00000865         Code  Gb  vreg_util.o [4]
?push_w7                0x0000086a         Code  Gb  vreg_util.o [4]
?sext32_l0_x            0x000005b3         Code  Gb  long.o [4]
?sll16_x_x_a            0x00001db8         Code  Gb  short.o [4]
?sll32_0x_0x_a          0x000005a5         Code  Gb  long.o [4]
?sll32_l0_l0_a          0x000005a2         Code  Gb  long.o [4]
?sll8_a_a_5             0x00001dce         Code  Gb  char.o [4]
?sll8_a_a_6             0x00001dcd         Code  Gb  char.o [4]
?sub32_l0_l0_0x         0x0000048a         Code  Gb  long.o [4]
?sub32_l0_l0_l1         0x00000487         Code  Gb  long.o [4]
?ucmp32_c_l0_l1         0x00000597         Code  Gb  long.o [4]
?udiv32_l0_dl_l1        0x00000520         Code  Gb  long.o [4]
?udiv32_l0_l0_dl        0x00000526         Code  Gb  long.o [4]
?udiv32_l0_l0_l1        0x0000052a         Code  Gb  long.o [4]
?umod32_l1_l0_l1        0x0000052a         Code  Gb  long.o [4]
?w0                       0x000000         Data  Gb  vregs.o [4]
?w1                       0x000002         Data  Gb  vregs.o [4]
?w2                       0x000004         Data  Gb  vregs.o [4]
?w3                       0x000006         Data  Gb  vregs.o [4]
?w4                       0x000008         Data  Gb  vregs.o [4]
?w5                       0x00000a         Data  Gb  vregs.o [4]
?w6                       0x00000c         Data  Gb  vregs.o [4]
?w7                       0x00000e         Data  Gb  vregs.o [4]
ADC1_IRQHandler         0x00001e0a    0x1  Code  Gb  stm8s_it.o [1]
AWU_IRQHandler          0x00001dfe    0x1  Code  Gb  stm8s_it.o [1]
CLK_GetClockFreq        0x000011e7   0x86  Code  Gb  stm8s_clk.o [1]
CLK_HSIPrescalerConfig  0x0000190f   0x3e  Code  Gb  stm8s_clk.o [1]
CLK_IRQHandler          0x00001dff    0x1  Code  Gb  stm8s_it.o [1]
CSTACK$$Base              0x000300          --   Gb  - Linker created -
CSTACK$$Limit             0x000400          --   Gb  - Linker created -
EEPROM_EEC_IRQHandler   0x00001e0c    0x1  Code  Gb  stm8s_it.o [1]
EXTI_PORTA_IRQHandler   0x00001e00    0x1  Code  Gb  stm8s_it.o [1]
EXTI_PORTB_IRQHandler   0x00001e01    0x1  Code  Gb  stm8s_it.o [1]
EXTI_PORTC_IRQHandler   0x00000cc4   0xe6  Code  Gb  stm8s_it.o [1]
EXTI_PORTD_IRQHandler   0x00001c62   0x1e  Code  Gb  stm8s_it.o [1]
EXTI_PORTE_IRQHandler   0x00001e02    0x1  Code  Gb  stm8s_it.o [1]
EXTI_SetExtIntSensitivity
                        0x00000e7f   0xd3  Code  Gb  stm8s_exti.o [1]
EXTI_SetTLISensitivity  0x00001b74   0x2e  Code  Gb  stm8s_exti.o [1]
FLASH_EraseByte         0x000015c9   0x57  Code  Gb  stm8s_flash.o [1]
FLASH_ProgramByte       0x000013fc   0x60  Code  Gb  stm8s_flash.o [1]
FLASH_ReadByte          0x00001676   0x56  Code  Gb  stm8s_flash.o [1]
FLASH_SetProgrammingTime
                        0x00001ba2   0x2e  Code  Gb  stm8s_flash.o [1]
FLASH_Unlock            0x00001989   0x3c  Code  Gb  stm8s_flash.o [1]
GPIO_ExternalPullUpConfig
                        0x000014ba   0x5e  Code  Gb  stm8s_gpio.o [1]
GPIO_Init               0x00000a9f  0x116  Code  Gb  stm8s_gpio.o [1]
GPIO_ReadInputData      0x00001df1    0x3  Code  Gb  stm8s_gpio.o [1]
GPIO_WriteHigh          0x00001dc0    0x7  Code  Gb  stm8s_gpio.o [1]
GPIO_WriteLow           0x00001db0    0x8  Code  Gb  stm8s_gpio.o [1]
HSIDivFactor            0x000004d3    0x4  Data  Gb  stm8s_clk.o [1]
I2C_IRQHandler          0x00001e09    0x1  Code  Gb  stm8s_it.o [1]
INTVEC$$Base              0x008000          --   Gb  - Linker created -
INTVEC$$Limit             0x008080          --   Gb  - Linker created -
RF_send_buff              0x000074   0x32  Data  Gb  main_upwork_rb.o [1]
Read                    0x00001337   0x63  Code  Gb  cc2500.o [1]
Region$$Table$$Base     0x00000488          --   Gb  - Linker created -
Region$$Table$$Limit    0x0000049c          --   Gb  - Linker created -
SPI_Cmd                 0x00001b14   0x30  Code  Gb  stm8s_spi.o [1]
SPI_DeInit              0x00001cff   0x15  Code  Gb  stm8s_spi.o [1]
SPI_GetFlagStatus       0x00001518   0x59  Code  Gb  stm8s_spi.o [1]
SPI_IRQHandler          0x00001e03    0x1  Code  Gb  stm8s_it.o [1]
SPI_Init                0x0000070c  0x14a  Code  Gb  stm8s_spi.o [1]
SPI_ReceiveData         0x00001ddd    0x4  Code  Gb  stm8s_spi.o [1]
SPI_SendData            0x00001dd9    0x4  Code  Gb  stm8s_spi.o [1]
SendStrobe              0x000018d1   0x3e  Code  Gb  cc2500.o [1]
TIM1_CAP_COM_IRQHandler
                        0x00001e05    0x1  Code  Gb  stm8s_it.o [1]
TIM1_UPD_OVF_TRG_BRK_IRQHandler
                        0x00001e04    0x1  Code  Gb  stm8s_it.o [1]
TIM2_CAP_COM_IRQHandler
                        0x00001e07    0x1  Code  Gb  stm8s_it.o [1]
TIM2_UPD_OVF_BRK_IRQHandler
                        0x00001e06    0x1  Code  Gb  stm8s_it.o [1]
TIM4_UPD_OVF_IRQHandler
                        0x00001e0b    0x1  Code  Gb  stm8s_it.o [1]
TLI_IRQHandler          0x00001dfd    0x1  Code  Gb  stm8s_it.o [1]
TRAP_IRQHandler         0x00001dfc    0x1  Code  Gb  stm8s_it.o [1]
UART1_ClearITPendingBit
                        0x00001a72   0x38  Code  Gb  stm8s_uart1.o [1]
UART1_Cmd               0x00001d87    0xe  Code  Gb  stm8s_uart1.o [1]
UART1_GetFlagStatus     0x00000f52   0xb1  Code  Gb  stm8s_uart1.o [1]
UART1_ITConfig          0x00000daa   0xd5  Code  Gb  stm8s_uart1.o [1]
UART1_Init              0x00000000  0x254  Code  Gb  stm8s_uart1.o [1]
UART1_RX_IRQHandler     0x00001003   0xae  Code  Gb  stm8s_it.o [1]
UART1_ReceiveData8      0x00001de1    0x4  Code  Gb  stm8s_uart1.o [1]
UART1_SendData8         0x00001de5    0x4  Code  Gb  stm8s_uart1.o [1]
UART1_TX_IRQHandler     0x00001e08    0x1  Code  Gb  stm8s_it.o [1]
Uart_send_buff            0x0000a6   0x32  Data  Gb  main_upwork_rb.o [1]
WriteReg                0x0000126d   0x65  Code  Gb  cc2500.o [1]
__DebugBreak            0x00001e0d    0x1  Code  Gb  __dbg_break.o [3]
__exit                  0x00001ce9   0x16  Code  Gb  __dbg_xxexit.o [3]
__iar_Errno               0x000131    0x2  Data  Gb  errno.o [4]
__iar_Memchr            0x00001d3e   0x15  Code  Gb  memchr.o [4]
__iar_Stoul             0x00000254    0x4  Code  Gb  xstoul.o [4]
__iar_Stoulx            0x00000258  0x1e7  Code  Gb  xstoul.o [4]
__iar_Strstr            0x00001802   0x49  Code  Gb  strstr.o [4]
__iar_copy_init2        0x00001bf9         Code  Gb  init_small.o [4]
__iar_data_init2        0x00001c80   0x1e  Code  Gb  init.o [4]
__iar_program_start     0x00001cbc         Code  Gb  cstartup.o [4]
__iar_unhandled_exception
                        0x00001df7         Code  Gb  unhandled_exception.o [4]
__iar_zero_init2        0x00001c9e         Code  Gb  init_small.o [4]
__intvec                  0x008000         Data  Gb  interrupt.o [4]
__low_level_init        0x00001df4    0x3  Code  Gb  low_level_init.o [4]
_exit                   0x00001dd3         Code  Gb  cexit.o [4]
_interrupt_1            0x00001dfc         Code  Gb  stm8s_it.o [1]
_interrupt_10           0x00001de9         Code  Wk  interrupt.o [4]
_interrupt_11           0x00001de9         Code  Wk  interrupt.o [4]
_interrupt_12           0x00001e03         Code  Gb  stm8s_it.o [1]
_interrupt_13           0x00001e04         Code  Gb  stm8s_it.o [1]
_interrupt_14           0x00001e05         Code  Gb  stm8s_it.o [1]
_interrupt_15           0x00001e06         Code  Gb  stm8s_it.o [1]
_interrupt_16           0x00001e07         Code  Gb  stm8s_it.o [1]
_interrupt_17           0x00001de9         Code  Wk  interrupt.o [4]
_interrupt_18           0x00001de9         Code  Wk  interrupt.o [4]
_interrupt_19           0x00001e08         Code  Gb  stm8s_it.o [1]
_interrupt_2            0x00001dfd         Code  Gb  stm8s_it.o [1]
_interrupt_20           0x00001003         Code  Gb  stm8s_it.o [1]
_interrupt_21           0x00001e09         Code  Gb  stm8s_it.o [1]
_interrupt_22           0x00001de9         Code  Wk  interrupt.o [4]
_interrupt_23           0x00001de9         Code  Wk  interrupt.o [4]
_interrupt_24           0x00001e0a         Code  Gb  stm8s_it.o [1]
_interrupt_25           0x00001e0b         Code  Gb  stm8s_it.o [1]
_interrupt_26           0x00001e0c         Code  Gb  stm8s_it.o [1]
_interrupt_27           0x00001de9         Code  Wk  interrupt.o [4]
_interrupt_28           0x00001de9         Code  Wk  interrupt.o [4]
_interrupt_29           0x00001de9         Code  Wk  interrupt.o [4]
_interrupt_3            0x00001dfe         Code  Gb  stm8s_it.o [1]
_interrupt_30           0x00001de9         Code  Wk  interrupt.o [4]
_interrupt_31           0x00001de9         Code  Wk  interrupt.o [4]
_interrupt_4            0x00001dff         Code  Gb  stm8s_it.o [1]
_interrupt_5            0x00001e00         Code  Gb  stm8s_it.o [1]
_interrupt_6            0x00001e01         Code  Gb  stm8s_it.o [1]
_interrupt_7            0x00000cc4         Code  Gb  stm8s_it.o [1]
_interrupt_8            0x00001c62         Code  Gb  stm8s_it.o [1]
_interrupt_9            0x00001e02         Code  Gb  stm8s_it.o [1]
a                         0x00012f    0x2  Data  Gb  main_upwork_rb.o [1]
ack_received              0x000127    0x2  Data  Gb  main_upwork_rb.o [1]
address_check           0x00001aaa   0x36  Code  Gb  main_upwork_rb.o [1]
assert_failed           0x00001dfa    0x2  Code  Gb  main_upwork_rb.o [1]
atoi                    0x00001d77   0x10  Code  Gb  atoi.o [4]
atol                    0x00001da3    0xd  Code  Gb  atol.o [4]
baud_rate_array           0x00010a    0x8  Data  Gb  main_upwork_rb.o [1]
baudrate                  0x000117    0x4  Data  Gb  main_upwork_rb.o [1]
cc2500_mode             0x00001a00   0x39  Code  Gb  cc2500.o [1]
change                    0x00012b    0x2  Data  Gb  main_upwork_rb.o [1]
check_crc               0x00001620   0x56  Code  Gb  crc.o [1]
check_for_parameter     0x00000987  0x118  Code  Gb  main_upwork_rb.o [1]
cid_array                 0x00011f    0x4  Data  Gb  main_upwork_rb.o [1]
clk_init                0x00001dc7    0x6  Code  Gb  main_upwork_rb.o [1]
command_mode              0x000129    0x2  Data  Gb  main_upwork_rb.o [1]
crc_ok                  0x000016cc   0x55  Code  Gb  main_upwork_rb.o [1]
delay_ms                0x0000176d   0x4b  Code  Gb  cc2500.o [1]
did_array                 0x000112    0x5  Data  Gb  main_upwork_rb.o [1]
did_val                   0x000133    0x1  Data  Gb  main_upwork_rb.o [1]
digits                  0x0000043e   0x25  Data  Lc  xstoul.o [4]
exit                    0x00001ded    0x4  Code  Gb  exit.o [4]
gpio_init               0x00001ae0   0x34  Code  Gb  main_upwork_rb.o [1]
handle_uart_request     0x000012d2   0x65  Code  Gb  main_upwork_rb.o [1]
index                     0x000135    0x1  Data  Gb  uart.o [1]
init_CC2500             0x0000194d   0x3c  Code  Gb  cc2500.o [1]
main                    0x000005be  0x14e  Code  Gb  main_upwork_rb.o [1]
memset                  0x00001d14   0x15  Code  Gb  memset.o [4]
mode_array                0x00012d    0x2  Data  Gb  main_upwork_rb.o [1]
ndigs                   0x00000463   0x25  Data  Lc  xstoul.o [4]
no_ack_msg              0x00001bd0   0x29  Code  Gb  main_upwork_rb.o [1]
no_broadcast            0x00001c21   0x21  Code  Gb  main_upwork_rb.o [1]
read_array_from_eeprom  0x00001892   0x3f  Code  Gb  eeprom.o [1]
read_data_from_eeprom   0x0000145c   0x5e  Code  Gb  eeprom.o [1]
register_addr             0x000010   0x32  Data  Gb  cc2500.o [1]
register_value            0x000042   0x32  Data  Gb  cc2500.o [1]
rid_array                 0x000123    0x4  Data  Gb  main_upwork_rb.o [1]
send_ack                0x000017b8   0x4a  Code  Gb  main_upwork_rb.o [1]
send_data_rf            0x00000bb5  0x10f  Code  Gb  cc2500.o [1]
send_data_uart          0x0000184b   0x47  Code  Gb  uart.o [1]
setup                   0x00001c42   0x20  Code  Gb  cc2500.o [1]
spi_init                0x00001721   0x4c  Code  Gb  main_upwork_rb.o [1]
strcat                  0x00001d29   0x15  Code  Gb  strcat.o [4]
strcpy                  0x00001d65   0x12  Code  Gb  strcpy.o [4]
strlen                  0x00001d53   0x12  Code  Gb  strlen.o [4]
strncmp                 0x00001a39   0x39  Code  Gb  strncmp.o [4]
strncpy                 0x000019c5   0x3b  Code  Gb  strncpy.o [4]
strstr                  0x00001cd3   0x16  Code  Gb  main_upwork_rb.o [1]
uart_init               0x00001b44   0x30  Code  Gb  uart.o [1]
uart_rcv_buff             0x0000d8   0x32  Data  Gb  main_upwork_rb.o [1]
wait_count                0x00011b    0x4  Data  Gb  main_upwork_rb.o [1]
write_array_to_eeprom   0x0000139a   0x62  Code  Gb  eeprom.o [1]
write_data_to_eeprom    0x000010b1   0xac  Code  Gb  eeprom.o [1]


[1] = D:\Desktop Backup\All Programs\Ongoing Projects\Upwork_Project\Upwork_Project\CC2500_Wireless_UART_Link\STM8S_StdPeriph_Lib_V2.1.0\Project\STM8S_StdPeriph_Template\EWSTM8\STM8S103\Obj
[2] = command line
[3] = dbgstm8mmd.a
[4] = dlstm8mmn.a

  7 694 bytes of readonly  code memory
  1 477 bytes of readonly  data memory
    566 bytes of readwrite data memory

Errors: 1
Warnings: none
