###############################################################################
#                                                                             #
# IAR ELF Linker V1.40.1.50106 for STM8                 15/Jun/2016  23:53:21 #
# Copyright 2010-2013 IAR Systems AB.                                         #
#                                                                             #
#    Output file  =  D:\Desktop Backup\All Programs\Ongoing                   #
#                    Projects\Upwork_Project\Upwork_Project\CC2500_Wireless_U #
#                    ART_Link\STM8S_StdPeriph_Lib_V2.1.0\Project\STM8S_StdPer #
#                    iph_Template\EWSTM8\STM8S103\Exe\Project.out             #
#    Map file     =  D:\Desktop Backup\All Programs\Ongoing                   #
#                    Projects\Upwork_Project\Upwork_Project\CC2500_Wireless_U #
#                    ART_Link\STM8S_StdPeriph_Lib_V2.1.0\Project\STM8S_StdPer #
#                    iph_Template\EWSTM8\STM8S103\List\Project.map            #
#    Command line =  "D:\Desktop Backup\All Programs\Ongoing                  #
#                    Projects\Upwork_Project\Upwork_Project\CC2500_Wireless_U #
#                    ART_Link\STM8S_StdPeriph_Lib_V2.1.0\Project\STM8S_StdPer #
#                    iph_Template\EWSTM8\STM8S103\Obj\at_command.o"           #
#                    "D:\Desktop Backup\All Programs\Ongoing                  #
#                    Projects\Upwork_Project\Upwork_Project\CC2500_Wireless_U #
#                    ART_Link\STM8S_StdPeriph_Lib_V2.1.0\Project\STM8S_StdPer #
#                    iph_Template\EWSTM8\STM8S103\Obj\cc2500.o" "D:\Desktop   #
#                    Backup\All Programs\Ongoing                              #
#                    Projects\Upwork_Project\Upwork_Project\CC2500_Wireless_U #
#                    ART_Link\STM8S_StdPeriph_Lib_V2.1.0\Project\STM8S_StdPer #
#                    iph_Template\EWSTM8\STM8S103\Obj\crc.o" "D:\Desktop      #
#                    Backup\All Programs\Ongoing                              #
#                    Projects\Upwork_Project\Upwork_Project\CC2500_Wireless_U #
#                    ART_Link\STM8S_StdPeriph_Lib_V2.1.0\Project\STM8S_StdPer #
#                    iph_Template\EWSTM8\STM8S103\Obj\eeprom.o" "D:\Desktop   #
#                    Backup\All Programs\Ongoing                              #
#                    Projects\Upwork_Project\Upwork_Project\CC2500_Wireless_U #
#                    ART_Link\STM8S_StdPeriph_Lib_V2.1.0\Project\STM8S_StdPer #
#                    iph_Template\EWSTM8\STM8S103\Obj\main_upwork_rb.o"       #
#                    "D:\Desktop Backup\All Programs\Ongoing                  #
#                    Projects\Upwork_Project\Upwork_Project\CC2500_Wireless_U #
#                    ART_Link\STM8S_StdPeriph_Lib_V2.1.0\Project\STM8S_StdPer #
#                    iph_Template\EWSTM8\STM8S103\Obj\stm8s_adc1.o"           #
#                    "D:\Desktop Backup\All Programs\Ongoing                  #
#                    Projects\Upwork_Project\Upwork_Project\CC2500_Wireless_U #
#                    ART_Link\STM8S_StdPeriph_Lib_V2.1.0\Project\STM8S_StdPer #
#                    iph_Template\EWSTM8\STM8S103\Obj\stm8s_awu.o"            #
#                    "D:\Desktop Backup\All Programs\Ongoing                  #
#                    Projects\Upwork_Project\Upwork_Project\CC2500_Wireless_U #
#                    ART_Link\STM8S_StdPeriph_Lib_V2.1.0\Project\STM8S_StdPer #
#                    iph_Template\EWSTM8\STM8S103\Obj\stm8s_beep.o"           #
#                    "D:\Desktop Backup\All Programs\Ongoing                  #
#                    Projects\Upwork_Project\Upwork_Project\CC2500_Wireless_U #
#                    ART_Link\STM8S_StdPeriph_Lib_V2.1.0\Project\STM8S_StdPer #
#                    iph_Template\EWSTM8\STM8S103\Obj\stm8s_clk.o"            #
#                    "D:\Desktop Backup\All Programs\Ongoing                  #
#                    Projects\Upwork_Project\Upwork_Project\CC2500_Wireless_U #
#                    ART_Link\STM8S_StdPeriph_Lib_V2.1.0\Project\STM8S_StdPer #
#                    iph_Template\EWSTM8\STM8S103\Obj\stm8s_exti.o"           #
#                    "D:\Desktop Backup\All Programs\Ongoing                  #
#                    Projects\Upwork_Project\Upwork_Project\CC2500_Wireless_U #
#                    ART_Link\STM8S_StdPeriph_Lib_V2.1.0\Project\STM8S_StdPer #
#                    iph_Template\EWSTM8\STM8S103\Obj\stm8s_flash.o"          #
#                    "D:\Desktop Backup\All Programs\Ongoing                  #
#                    Projects\Upwork_Project\Upwork_Project\CC2500_Wireless_U #
#                    ART_Link\STM8S_StdPeriph_Lib_V2.1.0\Project\STM8S_StdPer #
#                    iph_Template\EWSTM8\STM8S103\Obj\stm8s_gpio.o"           #
#                    "D:\Desktop Backup\All Programs\Ongoing                  #
#                    Projects\Upwork_Project\Upwork_Project\CC2500_Wireless_U #
#                    ART_Link\STM8S_StdPeriph_Lib_V2.1.0\Project\STM8S_StdPer #
#                    iph_Template\EWSTM8\STM8S103\Obj\stm8s_i2c.o"            #
#                    "D:\Desktop Backup\All Programs\Ongoing                  #
#                    Projects\Upwork_Project\Upwork_Project\CC2500_Wireless_U #
#                    ART_Link\STM8S_StdPeriph_Lib_V2.1.0\Project\STM8S_StdPer #
#                    iph_Template\EWSTM8\STM8S103\Obj\stm8s_it.o"             #
#                    "D:\Desktop Backup\All Programs\Ongoing                  #
#                    Projects\Upwork_Project\Upwork_Project\CC2500_Wireless_U #
#                    ART_Link\STM8S_StdPeriph_Lib_V2.1.0\Project\STM8S_StdPer #
#                    iph_Template\EWSTM8\STM8S103\Obj\stm8s_itc.o"            #
#                    "D:\Desktop Backup\All Programs\Ongoing                  #
#                    Projects\Upwork_Project\Upwork_Project\CC2500_Wireless_U #
#                    ART_Link\STM8S_StdPeriph_Lib_V2.1.0\Project\STM8S_StdPer #
#                    iph_Template\EWSTM8\STM8S103\Obj\stm8s_iwdg.o"           #
#                    "D:\Desktop Backup\All Programs\Ongoing                  #
#                    Projects\Upwork_Project\Upwork_Project\CC2500_Wireless_U #
#                    ART_Link\STM8S_StdPeriph_Lib_V2.1.0\Project\STM8S_StdPer #
#                    iph_Template\EWSTM8\STM8S103\Obj\stm8s_rst.o"            #
#                    "D:\Desktop Backup\All Programs\Ongoing                  #
#                    Projects\Upwork_Project\Upwork_Project\CC2500_Wireless_U #
#                    ART_Link\STM8S_StdPeriph_Lib_V2.1.0\Project\STM8S_StdPer #
#                    iph_Template\EWSTM8\STM8S103\Obj\stm8s_spi.o"            #
#                    "D:\Desktop Backup\All Programs\Ongoing                  #
#                    Projects\Upwork_Project\Upwork_Project\CC2500_Wireless_U #
#                    ART_Link\STM8S_StdPeriph_Lib_V2.1.0\Project\STM8S_StdPer #
#                    iph_Template\EWSTM8\STM8S103\Obj\stm8s_tim1.o"           #
#                    "D:\Desktop Backup\All Programs\Ongoing                  #
#                    Projects\Upwork_Project\Upwork_Project\CC2500_Wireless_U #
#                    ART_Link\STM8S_StdPeriph_Lib_V2.1.0\Project\STM8S_StdPer #
#                    iph_Template\EWSTM8\STM8S103\Obj\stm8s_tim2.o"           #
#                    "D:\Desktop Backup\All Programs\Ongoing                  #
#                    Projects\Upwork_Project\Upwork_Project\CC2500_Wireless_U #
#                    ART_Link\STM8S_StdPeriph_Lib_V2.1.0\Project\STM8S_StdPer #
#                    iph_Template\EWSTM8\STM8S103\Obj\stm8s_tim4.o"           #
#                    "D:\Desktop Backup\All Programs\Ongoing                  #
#                    Projects\Upwork_Project\Upwork_Project\CC2500_Wireless_U #
#                    ART_Link\STM8S_StdPeriph_Lib_V2.1.0\Project\STM8S_StdPer #
#                    iph_Template\EWSTM8\STM8S103\Obj\stm8s_uart1.o"          #
#                    "D:\Desktop Backup\All Programs\Ongoing                  #
#                    Projects\Upwork_Project\Upwork_Project\CC2500_Wireless_U #
#                    ART_Link\STM8S_StdPeriph_Lib_V2.1.0\Project\STM8S_StdPer #
#                    iph_Template\EWSTM8\STM8S103\Obj\stm8s_wwdg.o"           #
#                    "D:\Desktop Backup\All Programs\Ongoing                  #
#                    Projects\Upwork_Project\Upwork_Project\CC2500_Wireless_U #
#                    ART_Link\STM8S_StdPeriph_Lib_V2.1.0\Project\STM8S_StdPer #
#                    iph_Template\EWSTM8\STM8S103\Obj\uart.o" --redirect      #
#                    _Printf=_PrintfFullNoMb --redirect                       #
#                    _Scanf=_ScanfFullNoMb -o "D:\Desktop Backup\All          #
#                    Programs\Ongoing Projects\Upwork_Project\Upwork_Project\ #
#                    CC2500_Wireless_UART_Link\STM8S_StdPeriph_Lib_V2.1.0\Pro #
#                    ject\STM8S_StdPeriph_Template\EWSTM8\STM8S103\Exe\Projec #
#                    t.out" --map "D:\Desktop Backup\All Programs\Ongoing     #
#                    Projects\Upwork_Project\Upwork_Project\CC2500_Wireless_U #
#                    ART_Link\STM8S_StdPeriph_Lib_V2.1.0\Project\STM8S_StdPer #
#                    iph_Template\EWSTM8\STM8S103\List\Project.map" --log     #
#                    libraries,initialization,modules,redirects,sections,     #
#                    unused_fragments --log_file "D:\Desktop Backup\All       #
#                    Programs\Ongoing Projects\Upwork_Project\Upwork_Project\ #
#                    CC2500_Wireless_UART_Link\STM8S_StdPeriph_Lib_V2.1.0\Pro #
#                    ject\STM8S_StdPeriph_Template\EWSTM8\STM8S103\List\Proje #
#                    ct.log" --config "C:\Program Files\IAR Systems\Embedded  #
#                    Workbench 6.5\stm8\config\lnkstm8s103f3.icf"             #
#                    --config_def _CSTACK_SIZE=0x100 --config_def             #
#                    _HEAP_SIZE=0x100 --entry __iar_program_start --debug_lib #
#                                                                             #
#                                                                             #
###############################################################################

*******************************************************************************
*** RUNTIME MODEL ATTRIBUTES
***

__SystemLibrary            = DLib
__code_model               = medium_or_large
__core                     = stm8
__data_model               = medium
__dlib_file_descriptor     = 0
__dlib_full_locale_support = 0
__rt_version               = 4


*******************************************************************************
*** PLACEMENT SUMMARY
***

"A1":  place at start of [0x000000-0x0000ff] { rw section .vregs };
"A2":  place at end of [0x000000-0x0003ff] { block CSTACK };
"P2":  place in [from 0x000000 to 0x0003ff] {
          block HEAP, rw section .far.bss, rw section .far.data,
          rw section .far.noinit, rw section .far_func.textrw,
          rw section .huge.bss, rw section .huge.data, rw section .huge.noinit,
          rw section .huge_func.textrw, rw section .iar.dynexit,
          rw section .near.bss, rw section .near.data, rw section .near.noinit,
          rw section .near_func.textrw };
"A3":  place at start of [0x008000-0x009fff] { block INTVEC };
"P3":  place in [from 0x008000 to 0x009fff] {
          ro section .far.data_init, ro section .far_func.textrw_init,
          ro section .huge.data_init, ro section .huge_func.textrw_init,
          ro section .iar.init_table, ro section .init_array,
          ro section .near.data_init, ro section .near.rodata,
          ro section .near_func.text, ro section .near_func.textrw_init,
          ro section .tiny.data_init, ro section .tiny.rodata_init };
"P4":  place in [from 0x008000 to 0x009fff] {
          ro section .far.rodata, ro section .far_func.text };

  Section          Kind      Address    Size  Object
  -------          ----      -------    ----  ------
"A1":                                   0x10
  .vregs           uninit   0x000000    0x10  vregs.o [4]
                          - 0x000010    0x10

"P2":                                   0x80
  .near.bss        zero     0x000010    0x1e  main_upwork_rb.o [1]
  .near.bss        zero     0x00002e    0x1e  main_upwork_rb.o [1]
  .near.bss        zero     0x00004c    0x1e  main_upwork_rb.o [1]
  .near.bss        zero     0x00006a     0x8  main_upwork_rb.o [1]
  .near.bss        zero     0x000072     0x5  main_upwork_rb.o [1]
  .near.bss        zero     0x000077     0x4  main_upwork_rb.o [1]
  .near.bss        zero     0x00007b     0x4  main_upwork_rb.o [1]
  .near.bss        zero     0x00007f     0x4  main_upwork_rb.o [1]
  .near.bss        zero     0x000083     0x4  main_upwork_rb.o [1]
  .near.bss        zero     0x000087     0x2  main_upwork_rb.o [1]
  .near.bss        zero     0x000089     0x2  main_upwork_rb.o [1]
  .near.bss        zero     0x00008b     0x2  errno.o [4]
  .near.bss        zero     0x00008d     0x1  main_upwork_rb.o [1]
  .near.bss        zero     0x00008e     0x1  stm8s_it.o [1]
  .near.bss        zero     0x00008f     0x1  uart.o [1]
                          - 0x000090    0x80

"A2":                                  0x100
  CSTACK                    0x000300   0x100  <Block>
    CSTACK         uninit   0x000300   0x100  <Block tail>
                          - 0x000400   0x100

"A3":                                   0x80
  INTVEC                    0x008000    0x80  <Block>
    .intvec        const    0x008000    0x80  interrupt.o [4]
                          - 0x008080    0x80

"P3":                                  0x4fc
  .near.rodata     const    0x008080    0xb6  stm8s_flash.o [1]
  .near.rodata     const    0x008136    0xb6  stm8s_uart1.o [1]
  .near.rodata     const    0x0081ec    0xb5  stm8s_exti.o [1]
  .near.rodata     const    0x0082a1    0xb5  stm8s_gpio.o [1]
  .near.rodata     const    0x008356    0xb4  stm8s_clk.o [1]
  .near.rodata     const    0x00840a    0xb4  stm8s_spi.o [1]
  .near.rodata     const    0x0084be    0x25  xstoul.o [4]
  .near.rodata     const    0x0084e3    0x25  xstoul.o [4]
  .iar.init_table  const    0x008508     0x9  - Linker created -
  .near.rodata     const    0x008511    0x14  cc2500.o [1]
  .near.rodata     const    0x008525    0x14  cc2500.o [1]
  .near.rodata     const    0x008539     0x8  main_upwork_rb.o [1]
  .near.rodata     const    0x008541     0x7  main_upwork_rb.o [1]
  .near.rodata     const    0x008548     0x7  main_upwork_rb.o [1]
  .near.rodata     const    0x00854f     0x7  main_upwork_rb.o [1]
  .near.rodata     const    0x008556     0x6  eeprom.o [1]
  .near.rodata     const    0x00855c     0x6  main_upwork_rb.o [1]
  .near.rodata     const    0x008562     0x6  main_upwork_rb.o [1]
  .near.rodata     const    0x008568     0x4  eeprom.o [1]
  .near.rodata     const    0x00856c     0x4  stm8s_clk.o [1]
  .near.rodata     const    0x008570     0x3  eeprom.o [1]
  .near.rodata     const    0x008573     0x3  stm8s_it.o [1]
  .near.rodata     const    0x008576     0x2  eeprom.o [1]
  .near.rodata     const    0x008578     0x2  main_upwork_rb.o [1]
  .near.rodata     const    0x00857a     0x2  uart.o [1]
                          - 0x00857c   0x4fc

"P4":                                 0x1a32
  .far_func.text   ro code  0x00857c   0x220  stm8s_uart1.o [1]
  .far_func.text   ro code  0x00879c   0x1eb  xstoul.o [4]
  .far_func.text   ro code  0x008987   0x180  eeprom.o [1]
  .far_func.text   ro code  0x008b07   0x17f  long.o [4]
  .far_func.text   ro code  0x008c86   0x16b  cc2500.o [1]
  .far_func.text   ro code  0x008df1   0x12e  stm8s_spi.o [1]
  .far_func.text   ro code  0x008f1f   0x129  vreg_util.o [4]
  .far_func.text   ro code  0x009048   0x118  main_upwork_rb.o [1]
  .far_func.text   ro code  0x009160    0xd5  stm8s_it.o [1]
  .far_func.text   ro code  0x009235    0xd2  stm8s_gpio.o [1]
  .far_func.text   ro code  0x009307    0xcc  stm8s_exti.o [1]
  .far_func.text   ro code  0x0093d3    0xbf  stm8s_uart1.o [1]
  .far_func.text   ro code  0x009492    0x9d  stm8s_it.o [1]
  .far_func.text   ro code  0x00952f    0x8a  long_util.o [4]
  .far_func.text   ro code  0x0095b9    0x7a  stm8s_uart1.o [1]
  .far_func.text   ro code  0x009633    0x65  main_upwork_rb.o [1]
  .far_func.text   ro code  0x009698    0x61  stm8s_flash.o [1]
  .far_func.text   ro code  0x0096f9    0x5e  main_upwork_rb.o [1]
  .far_func.text   ro code  0x009757    0x5c  cc2500.o [1]
  .far_func.text   ro code  0x0097b3    0x5b  cc2500.o [1]
  .far_func.text   ro code  0x00980e    0x58  stm8s_flash.o [1]
  .far_func.text   ro code  0x009866    0x58  dc_util.o [4]
  .far_func.text   ro code  0x0098be    0x57  stm8s_flash.o [1]
  .far_func.text   ro code  0x009915    0x50  stm8s_gpio.o [1]
  .far_func.text   ro code  0x009965    0x4e  crc.o [1]
  .far_func.text   ro code  0x0099b3    0x4c  uart.o [1]
  .far_func.text   ro code  0x0099ff    0x4b  main_upwork_rb.o [1]
  .far_func.text   ro code  0x009a4a    0x49  cc2500.o [1]
  .far_func.text   ro code  0x009a93    0x49  strstr.o [4]
  .far_func.text   ro code  0x009adc    0x46  main_upwork_rb.o [1]
  .far_func.text   ro code  0x009b22    0x44  stm8s_spi.o [1]
  .far_func.text   ro code  0x009b66    0x41  cc2500.o [1]
  .far_func.text   ro code  0x009ba7    0x40  main_upwork_rb.o [1]
  .far_func.text   ro code  0x009be7    0x3c  stm8s_clk.o [1]
  .far_func.text   ro code  0x009c23    0x3a  uart.o [1]
  .far_func.text   ro code  0x009c5d    0x39  strncmp.o [4]
  .far_func.text   ro code  0x009c96    0x38  stm8s_flash.o [1]
  .far_func.text   ro code  0x009cce    0x36  stm8s_clk.o [1]
  .far_func.text   ro code  0x009d04    0x36  stm8s_uart1.o [1]
  .far_func.text   ro code  0x009d3a    0x34  stm8s_spi.o [1]
  .far_func.text   ro code  0x009d6e    0x2a  stm8s_exti.o [1]
  .far_func.text   ro code  0x009d98    0x2a  stm8s_flash.o [1]
  .far_func.text   ro code  0x009dc2    0x29  main_upwork_rb.o [1]
  .far_func.text   ro code  0x009deb    0x1e  stm8s_it.o [1]
  .far_func.text   ro code  0x009e09    0x1e  init.o [4]
  .far_func.text   ro code  0x009e27    0x1e  init_small.o [4]
  .far_func.text   ro code  0x009e45    0x1a  main_upwork_rb.o [1]
  .far_func.text   ro code  0x009e5f    0x19  main_upwork_rb.o [1]
  .far_func.text   ro code  0x009e78    0x17  cstartup.o [4]
  .far_func.text   ro code  0x009e8f    0x16  __dbg_xxexit.o [3]
  .far_func.text   ro code  0x009ea5    0x15  stm8s_spi.o [1]
  .far_func.text   ro code  0x009eba    0x15  memset.o [4]
  .far_func.text   ro code  0x009ecf    0x15  strcat.o [4]
  .far_func.text   ro code  0x009ee4    0x15  memchr.o [4]
  .far_func.text   ro code  0x009ef9    0x12  strlen.o [4]
  .far_func.text   ro code  0x009f0b    0x12  strcpy.o [4]
  .far_func.text   ro code  0x009f1d    0x10  atoi.o [4]
  .far_func.text   ro code  0x009f2d     0xe  far_util.o [4]
  .far_func.text   ro code  0x009f3b     0xd  stm8s_uart1.o [1]
  .far_func.text   ro code  0x009f48     0xd  atol.o [4]
  .far_func.text   ro code  0x009f55     0xc  main_upwork_rb.o [1]
  .far_func.text   ro code  0x009f61     0x8  short.o [4]
  .far_func.text   ro code  0x009f69     0x6  char.o [4]
  .far_func.text   ro code  0x009f6f     0x6  cexit.o [4]
  .far_func.text   ro code  0x009f75     0x4  main_upwork_rb.o [1]
  .far_func.text   ro code  0x009f79     0x4  stm8s_gpio.o [1]
  .far_func.text   ro code  0x009f7d     0x4  stm8s_uart1.o [1]
  .far_func.text   ro code  0x009f81     0x4  stm8s_uart1.o [1]
  .far_func.text   ro code  0x009f85     0x4  interrupt.o [4]
  .far_func.text   ro code  0x009f89     0x4  exit.o [4]
  .far_func.text   ro code  0x009f8d     0x3  stm8s_gpio.o [1]
  .far_func.text   ro code  0x009f90     0x3  stm8s_gpio.o [1]
  .far_func.text   ro code  0x009f93     0x3  low_level_init.o [4]
  .far_func.text   ro code  0x009f96     0x3  unhandled_exception.o [4]
  .far_func.text   ro code  0x009f99     0x2  main_upwork_rb.o [1]
  .far_func.text   ro code  0x009f9b     0x1  main_upwork_rb.o [1]
  .far_func.text   ro code  0x009f9c     0x1  stm8s_it.o [1]
  .far_func.text   ro code  0x009f9d     0x1  stm8s_it.o [1]
  .far_func.text   ro code  0x009f9e     0x1  stm8s_it.o [1]
  .far_func.text   ro code  0x009f9f     0x1  stm8s_it.o [1]
  .far_func.text   ro code  0x009fa0     0x1  stm8s_it.o [1]
  .far_func.text   ro code  0x009fa1     0x1  stm8s_it.o [1]
  .far_func.text   ro code  0x009fa2     0x1  stm8s_it.o [1]
  .far_func.text   ro code  0x009fa3     0x1  stm8s_it.o [1]
  .far_func.text   ro code  0x009fa4     0x1  stm8s_it.o [1]
  .far_func.text   ro code  0x009fa5     0x1  stm8s_it.o [1]
  .far_func.text   ro code  0x009fa6     0x1  stm8s_it.o [1]
  .far_func.text   ro code  0x009fa7     0x1  stm8s_it.o [1]
  .far_func.text   ro code  0x009fa8     0x1  stm8s_it.o [1]
  .far_func.text   ro code  0x009fa9     0x1  stm8s_it.o [1]
  .far_func.text   ro code  0x009faa     0x1  stm8s_it.o [1]
  .far_func.text   ro code  0x009fab     0x1  stm8s_it.o [1]
  .far_func.text   ro code  0x009fac     0x1  stm8s_it.o [1]
  .far_func.text   ro code  0x009fad     0x1  __dbg_break.o [3]
                          - 0x009fae  0x1a32


*******************************************************************************
*** INIT TABLE
***

          Address   Size
          -------   ----
Zero (__iar_zero_init2)
    1 destination range, total size 0x80:
          0x000010  0x80



*******************************************************************************
*** MODULE SUMMARY
***

    Module                 ro code  ro data  rw data
    ------                 -------  -------  -------
D:\Desktop Backup\All Programs\Ongoing Projects\Upwork_Project\Upwork_Project\CC2500_Wireless_UART_Link\STM8S_StdPeriph_Lib_V2.1.0\Project\STM8S_StdPeriph_Template\EWSTM8\STM8S103\Obj: [1]
    cc2500.o                   684       40
    crc.o                       78
    eeprom.o                   384       15
    main_upwork_rb.o           795       43      124
    stm8s_clk.o                114      184
    stm8s_exti.o               246      181
    stm8s_flash.o              370      182
    stm8s_gpio.o               300      181
    stm8s_it.o                 417        3        1
    stm8s_spi.o                443      180
    stm8s_uart1.o              932      182
    uart.o                     134        2        1
    ------------------------------------------------
    Total:                   4 897    1 193      126

command line: [2]
    ------------------------------------------------
    Total:

dbgstm8mmd.a: [3]
    __dbg_break.o                1
    __dbg_xxexit.o              22
    ------------------------------------------------
    Total:                      23

dlstm8mmn.a: [4]
    atoi.o                      16
    atol.o                      13
    cexit.o                      6
    char.o                       6
    cstartup.o                  23
    dc_util.o                   88
    errno.o                                        2
    exit.o                       4
    far_util.o                  14
    init.o                      30
    init_small.o                30
    interrupt.o                  4      128
    long.o                     383
    long_util.o                138
    low_level_init.o             3
    memchr.o                    21
    memset.o                    21
    short.o                      8
    strcat.o                    21
    strcpy.o                    18
    strlen.o                    18
    strncmp.o                   57
    strstr.o                    73
    unhandled_exception.o        3
    vreg_util.o                297
    vregs.o                                       16
    xstoul.o                   491       74
    ------------------------------------------------
    Total:                   1 786      202       18

    Linker created                        9      256
----------------------------------------------------
    Grand Total:             6 706    1 404      400


*******************************************************************************
*** ENTRY LIST
***

Entry                    Address   Size  Type      Object
-----                    -------   ----  ----      ------
?add32_l0_l0_0x         0x008b37         Code  Gb  long.o [4]
?add32_l0_l0_l1         0x008b34         Code  Gb  long.o [4]
?b0                     0x000000         Data  Gb  vregs.o [4]
?b1                     0x000001         Data  Gb  vregs.o [4]
?b10                    0x00000a         Data  Gb  vregs.o [4]
?b11                    0x00000b         Data  Gb  vregs.o [4]
?b12                    0x00000c         Data  Gb  vregs.o [4]
?b13                    0x00000d         Data  Gb  vregs.o [4]
?b14                    0x00000e         Data  Gb  vregs.o [4]
?b15                    0x00000f         Data  Gb  vregs.o [4]
?b2                     0x000002         Data  Gb  vregs.o [4]
?b3                     0x000003         Data  Gb  vregs.o [4]
?b4                     0x000004         Data  Gb  vregs.o [4]
?b5                     0x000005         Data  Gb  vregs.o [4]
?b6                     0x000006         Data  Gb  vregs.o [4]
?b7                     0x000007         Data  Gb  vregs.o [4]
?b8                     0x000008         Data  Gb  vregs.o [4]
?b9                     0x000009         Data  Gb  vregs.o [4]
?dc32_l0                0x009866         Code  Gb  dc_util.o [4]
?dc32_l1                0x009892         Code  Gb  dc_util.o [4]
?e0                     0x000001         Data  Gb  vregs.o [4]
?e1                     0x000005         Data  Gb  vregs.o [4]
?e2                     0x000009         Data  Gb  vregs.o [4]
?e3                     0x00000d         Data  Gb  vregs.o [4]
?epilogue_l2            0x008fd5         Code  Gb  vreg_util.o [4]
?epilogue_l2_l3         0x008fd1         Code  Gb  vreg_util.o [4]
?epilogue_w4            0x008fda         Code  Gb  vreg_util.o [4]
?inc32_0x_0x            0x008b26         Code  Gb  long.o [4]
?inc32_l0_l0            0x008b17         Code  Gb  long.o [4]
?inc32_l1_l1            0x008b1c         Code  Gb  long.o [4]
?inc32_l2_l2            0x008b21         Code  Gb  long.o [4]
?l0                     0x000000         Data  Gb  vregs.o [4]
?l1                     0x000004         Data  Gb  vregs.o [4]
?l2                     0x000008         Data  Gb  vregs.o [4]
?l3                     0x00000c         Data  Gb  vregs.o [4]
?load24_e1_0x           0x009f2d         Code  Gb  far_util.o [4]
?load32_0x_l0           0x009585         Code  Gb  long_util.o [4]
?load32_0x_l1           0x009593         Code  Gb  long_util.o [4]
?load32_0x_l2           0x0095ab         Code  Gb  long_util.o [4]
?load32_l0_0x           0x009549         Code  Gb  long_util.o [4]
?load32_l0_asp          0x00953d         Code  Gb  long_util.o [4]
?load32_l0_dbsp         0x00952f         Code  Gb  long_util.o [4]
?load32_l0_xsp          0x00953f         Code  Gb  long_util.o [4]
?load32_l1_0x           0x00956f         Code  Gb  long_util.o [4]
?load32_l1_asp          0x009563         Code  Gb  long_util.o [4]
?load32_l1_dbsp         0x009555         Code  Gb  long_util.o [4]
?load32_l1_xsp          0x009565         Code  Gb  long_util.o [4]
?load32_xsp_l0          0x00957b         Code  Gb  long_util.o [4]
?load32_xsp_l2          0x0095a1         Code  Gb  long_util.o [4]
?mov_e0_e1              0x008ff0         Code  Gb  vreg_util.o [4]
?mov_e0_e2              0x008ffd         Code  Gb  vreg_util.o [4]
?mov_e0_e3              0x00900a         Code  Gb  vreg_util.o [4]
?mov_e1_e0              0x009017         Code  Gb  vreg_util.o [4]
?mov_e1_e2              0x009024         Code  Gb  vreg_util.o [4]
?mov_e2_e0              0x009031         Code  Gb  vreg_util.o [4]
?mov_e3_e0              0x00903e         Code  Gb  vreg_util.o [4]
?mov_l0_l1              0x008fed         Code  Gb  vreg_util.o [4]
?mov_l0_l2              0x008ffa         Code  Gb  vreg_util.o [4]
?mov_l0_l3              0x009007         Code  Gb  vreg_util.o [4]
?mov_l1_l0              0x009014         Code  Gb  vreg_util.o [4]
?mov_l1_l2              0x009021         Code  Gb  vreg_util.o [4]
?mov_l2_l0              0x00902e         Code  Gb  vreg_util.o [4]
?mov_l3_l0              0x00903b         Code  Gb  vreg_util.o [4]
?mov_w0_w2              0x008fdf         Code  Gb  vreg_util.o [4]
?mov_w1_w3              0x008ff3         Code  Gb  vreg_util.o [4]
?mov_w1_w5              0x009000         Code  Gb  vreg_util.o [4]
?mov_w1_w7              0x00900d         Code  Gb  vreg_util.o [4]
?mov_w3_w1              0x00901a         Code  Gb  vreg_util.o [4]
?mov_w3_w5              0x009027         Code  Gb  vreg_util.o [4]
?mov_w4_w0              0x008fe6         Code  Gb  vreg_util.o [4]
?mov_w5_w1              0x009034         Code  Gb  vreg_util.o [4]
?mov_w7_w1              0x009041         Code  Gb  vreg_util.o [4]
?mul32_l0_l0_l1         0x008b6a         Code  Gb  long.o [4]
?neg32_l0_l0            0x008b07         Code  Gb  long.o [4]
?pop_l0                 0x008f99         Code  Gb  vreg_util.o [4]
?pop_l1                 0x008fa4         Code  Gb  vreg_util.o [4]
?pop_l2                 0x008faf         Code  Gb  vreg_util.o [4]
?pop_l3                 0x008fba         Code  Gb  vreg_util.o [4]
?pop_w4                 0x008f4a         Code  Gb  vreg_util.o [4]
?pop_w7                 0x008f51         Code  Gb  vreg_util.o [4]
?push_l0                0x008f64         Code  Gb  vreg_util.o [4]
?push_l1                0x008f69         Code  Gb  vreg_util.o [4]
?push_l2                0x008f6e         Code  Gb  vreg_util.o [4]
?push_l3                0x008f73         Code  Gb  vreg_util.o [4]
?push_w0                0x008f1f         Code  Gb  vreg_util.o [4]
?push_w1                0x008f24         Code  Gb  vreg_util.o [4]
?push_w4                0x008f29         Code  Gb  vreg_util.o [4]
?push_w7                0x008f2e         Code  Gb  vreg_util.o [4]
?sext32_l0_x            0x008c7b         Code  Gb  long.o [4]
?sll16_x_x_a            0x009f61         Code  Gb  short.o [4]
?sll32_0x_0x_a          0x008c6d         Code  Gb  long.o [4]
?sll32_l0_l0_a          0x008c6a         Code  Gb  long.o [4]
?sll8_a_a_5             0x009f6a         Code  Gb  char.o [4]
?sll8_a_a_6             0x009f69         Code  Gb  char.o [4]
?sub32_l0_l0_0x         0x008b52         Code  Gb  long.o [4]
?sub32_l0_l0_l1         0x008b4f         Code  Gb  long.o [4]
?ucmp32_c_l0_l1         0x008c5f         Code  Gb  long.o [4]
?udiv32_l0_dl_l1        0x008be8         Code  Gb  long.o [4]
?udiv32_l0_l0_dl        0x008bee         Code  Gb  long.o [4]
?udiv32_l0_l0_l1        0x008bf2         Code  Gb  long.o [4]
?umod32_l1_l0_l1        0x008bf2         Code  Gb  long.o [4]
?w0                     0x000000         Data  Gb  vregs.o [4]
?w1                     0x000002         Data  Gb  vregs.o [4]
?w2                     0x000004         Data  Gb  vregs.o [4]
?w3                     0x000006         Data  Gb  vregs.o [4]
?w4                     0x000008         Data  Gb  vregs.o [4]
?w5                     0x00000a         Data  Gb  vregs.o [4]
?w6                     0x00000c         Data  Gb  vregs.o [4]
?w7                     0x00000e         Data  Gb  vregs.o [4]
ADC1_IRQHandler         0x009faa    0x1  Code  Gb  stm8s_it.o [1]
AWU_IRQHandler          0x009f9e    0x1  Code  Gb  stm8s_it.o [1]
CLK_GetClockFreq        0x009be7   0x3c  Code  Gb  stm8s_clk.o [1]
CLK_HSIPrescalerConfig  0x009cce   0x36  Code  Gb  stm8s_clk.o [1]
CLK_IRQHandler          0x009f9f    0x1  Code  Gb  stm8s_it.o [1]
CSTACK$$Base            0x000300          --   Gb  - Linker created -
CSTACK$$Limit           0x000400          --   Gb  - Linker created -
EEPROM_EEC_IRQHandler   0x009fac    0x1  Code  Gb  stm8s_it.o [1]
EXTI_PORTA_IRQHandler   0x009fa0    0x1  Code  Gb  stm8s_it.o [1]
EXTI_PORTB_IRQHandler   0x009fa1    0x1  Code  Gb  stm8s_it.o [1]
EXTI_PORTC_IRQHandler   0x009160   0xd5  Code  Gb  stm8s_it.o [1]
EXTI_PORTD_IRQHandler   0x009deb   0x1e  Code  Gb  stm8s_it.o [1]
EXTI_PORTE_IRQHandler   0x009fa2    0x1  Code  Gb  stm8s_it.o [1]
EXTI_SetExtIntSensitivity
                        0x009307   0xcc  Code  Gb  stm8s_exti.o [1]
EXTI_SetTLISensitivity  0x009d6e   0x2a  Code  Gb  stm8s_exti.o [1]
FLASH_EraseByte         0x00980e   0x58  Code  Gb  stm8s_flash.o [1]
FLASH_ProgramByte       0x009698   0x61  Code  Gb  stm8s_flash.o [1]
FLASH_ReadByte          0x0098be   0x57  Code  Gb  stm8s_flash.o [1]
FLASH_SetProgrammingTime
                        0x009d98   0x2a  Code  Gb  stm8s_flash.o [1]
FLASH_Unlock            0x009c96   0x38  Code  Gb  stm8s_flash.o [1]
GPIO_ExternalPullUpConfig
                        0x009915   0x50  Code  Gb  stm8s_gpio.o [1]
GPIO_Init               0x009235   0xd2  Code  Gb  stm8s_gpio.o [1]
GPIO_ReadInputData      0x009f90    0x3  Code  Gb  stm8s_gpio.o [1]
GPIO_WriteHigh          0x009f8d    0x3  Code  Gb  stm8s_gpio.o [1]
GPIO_WriteLow           0x009f79    0x4  Code  Gb  stm8s_gpio.o [1]
HSIDivFactor            0x00856c    0x4  Data  Gb  stm8s_clk.o [1]
I2C_IRQHandler          0x009fa9    0x1  Code  Gb  stm8s_it.o [1]
INTVEC$$Base            0x008000          --   Gb  - Linker created -
INTVEC$$Limit           0x008080          --   Gb  - Linker created -
RF_send_buff            0x000010   0x1e  Data  Gb  main_upwork_rb.o [1]
Read                    0x009757   0x5c  Code  Gb  cc2500.o [1]
Region$$Table$$Base     0x008508          --   Gb  - Linker created -
Region$$Table$$Limit    0x008511          --   Gb  - Linker created -
SPI_Cmd                 0x009d42   0x2c  Code  Gb  stm8s_spi.o [1]
SPI_DeInit              0x009ea5   0x15  Code  Gb  stm8s_spi.o [1]
SPI_GetFlagStatus       0x009b22   0x44  Code  Gb  stm8s_spi.o [1]
SPI_IRQHandler          0x009fa3    0x1  Code  Gb  stm8s_it.o [1]
SPI_Init                0x008df1  0x12e  Code  Gb  stm8s_spi.o [1]
SPI_ReceiveData         0x009d3a    0x4  Code  Gb  stm8s_spi.o [1]
SPI_SendData            0x009d3e    0x4  Code  Gb  stm8s_spi.o [1]
SendStrobe              0x009a4a   0x49  Code  Gb  cc2500.o [1]
TIM1_CAP_COM_IRQHandler
                        0x009fa5    0x1  Code  Gb  stm8s_it.o [1]
TIM1_UPD_OVF_TRG_BRK_IRQHandler
                        0x009fa4    0x1  Code  Gb  stm8s_it.o [1]
TIM2_CAP_COM_IRQHandler
                        0x009fa7    0x1  Code  Gb  stm8s_it.o [1]
TIM2_UPD_OVF_BRK_IRQHandler
                        0x009fa6    0x1  Code  Gb  stm8s_it.o [1]
TIM4_UPD_OVF_IRQHandler
                        0x009fab    0x1  Code  Gb  stm8s_it.o [1]
TLI_IRQHandler          0x009f9d    0x1  Code  Gb  stm8s_it.o [1]
TRAP_IRQHandler         0x009f9c    0x1  Code  Gb  stm8s_it.o [1]
UART1_ClearITPendingBit
                        0x009d04   0x36  Code  Gb  stm8s_uart1.o [1]
UART1_Cmd               0x009f3b    0xd  Code  Gb  stm8s_uart1.o [1]
UART1_GetFlagStatus     0x0095b9   0x7a  Code  Gb  stm8s_uart1.o [1]
UART1_ITConfig          0x0093d3   0xbf  Code  Gb  stm8s_uart1.o [1]
UART1_Init              0x00857c  0x220  Code  Gb  stm8s_uart1.o [1]
UART1_RX_IRQHandler     0x009492   0x9d  Code  Gb  stm8s_it.o [1]
UART1_ReceiveData8      0x009f7d    0x4  Code  Gb  stm8s_uart1.o [1]
UART1_SendData8         0x009f81    0x4  Code  Gb  stm8s_uart1.o [1]
UART1_TX_IRQHandler     0x009fa8    0x1  Code  Gb  stm8s_it.o [1]
Uart_send_buff          0x00002e   0x1e  Data  Gb  main_upwork_rb.o [1]
WriteReg                0x0097b3   0x5b  Code  Gb  cc2500.o [1]
__DebugBreak            0x009fad    0x1  Code  Gb  __dbg_break.o [3]
__exit                  0x009e8f   0x16  Code  Gb  __dbg_xxexit.o [3]
__iar_Errno             0x00008b    0x2  Data  Gb  errno.o [4]
__iar_Memchr            0x009ee4   0x15  Code  Gb  memchr.o [4]
__iar_Stoul             0x00879c    0x4  Code  Gb  xstoul.o [4]
__iar_Stoulx            0x0087a0  0x1e7  Code  Gb  xstoul.o [4]
__iar_Strstr            0x009a93   0x49  Code  Gb  strstr.o [4]
__iar_data_init2        0x009e09   0x1e  Code  Gb  init.o [4]
__iar_program_start     0x009e78         Code  Gb  cstartup.o [4]
__iar_unhandled_exception
                        0x009f96         Code  Gb  unhandled_exception.o [4]
__iar_zero_init2        0x009e27         Code  Gb  init_small.o [4]
__intvec                0x008000         Data  Gb  interrupt.o [4]
__low_level_init        0x009f93    0x3  Code  Gb  low_level_init.o [4]
_exit                   0x009f6f         Code  Gb  cexit.o [4]
_interrupt_1            0x009f9c         Code  Gb  stm8s_it.o [1]
_interrupt_10           0x009f85         Code  Wk  interrupt.o [4]
_interrupt_11           0x009f85         Code  Wk  interrupt.o [4]
_interrupt_12           0x009fa3         Code  Gb  stm8s_it.o [1]
_interrupt_13           0x009fa4         Code  Gb  stm8s_it.o [1]
_interrupt_14           0x009fa5         Code  Gb  stm8s_it.o [1]
_interrupt_15           0x009fa6         Code  Gb  stm8s_it.o [1]
_interrupt_16           0x009fa7         Code  Gb  stm8s_it.o [1]
_interrupt_17           0x009f85         Code  Wk  interrupt.o [4]
_interrupt_18           0x009f85         Code  Wk  interrupt.o [4]
_interrupt_19           0x009fa8         Code  Gb  stm8s_it.o [1]
_interrupt_2            0x009f9d         Code  Gb  stm8s_it.o [1]
_interrupt_20           0x009492         Code  Gb  stm8s_it.o [1]
_interrupt_21           0x009fa9         Code  Gb  stm8s_it.o [1]
_interrupt_22           0x009f85         Code  Wk  interrupt.o [4]
_interrupt_23           0x009f85         Code  Wk  interrupt.o [4]
_interrupt_24           0x009faa         Code  Gb  stm8s_it.o [1]
_interrupt_25           0x009fab         Code  Gb  stm8s_it.o [1]
_interrupt_26           0x009fac         Code  Gb  stm8s_it.o [1]
_interrupt_27           0x009f85         Code  Wk  interrupt.o [4]
_interrupt_28           0x009f85         Code  Wk  interrupt.o [4]
_interrupt_29           0x009f85         Code  Wk  interrupt.o [4]
_interrupt_3            0x009f9e         Code  Gb  stm8s_it.o [1]
_interrupt_30           0x009f85         Code  Wk  interrupt.o [4]
_interrupt_31           0x009f85         Code  Wk  interrupt.o [4]
_interrupt_4            0x009f9f         Code  Gb  stm8s_it.o [1]
_interrupt_5            0x009fa0         Code  Gb  stm8s_it.o [1]
_interrupt_6            0x009fa1         Code  Gb  stm8s_it.o [1]
_interrupt_7            0x009160         Code  Gb  stm8s_it.o [1]
_interrupt_8            0x009deb         Code  Gb  stm8s_it.o [1]
_interrupt_9            0x009fa2         Code  Gb  stm8s_it.o [1]
a                       0x000089    0x2  Data  Gb  main_upwork_rb.o [1]
address_check           0x009e5f   0x19  Code  Gb  main_upwork_rb.o [1]
assert_failed           0x009f99    0x2  Code  Gb  main_upwork_rb.o [1]
atoi                    0x009f1d   0x10  Code  Gb  atoi.o [4]
atol                    0x009f48    0xd  Code  Gb  atol.o [4]
baud_rate_array         0x00006a    0x8  Data  Gb  main_upwork_rb.o [1]
baudrate                0x000077    0x4  Data  Gb  main_upwork_rb.o [1]
cc2500_mode             0x008dc4   0x2d  Code  Gb  cc2500.o [1]
check_crc               0x009965   0x4e  Code  Gb  crc.o [1]
check_for               0x0096f9   0x5e  Code  Gb  main_upwork_rb.o [1]
check_for_parameter     0x009633   0x65  Code  Gb  main_upwork_rb.o [1]
cid_array               0x00007f    0x4  Data  Gb  main_upwork_rb.o [1]
crc_ok                  0x009adc   0x46  Code  Gb  main_upwork_rb.o [1]
delay_ms                0x009b66   0x41  Code  Gb  cc2500.o [1]
did_array               0x000072    0x5  Data  Gb  main_upwork_rb.o [1]
did_val                 0x00008d    0x1  Data  Gb  main_upwork_rb.o [1]
digits                  0x0084be   0x25  Data  Lc  xstoul.o [4]
exit                    0x009f89    0x4  Code  Gb  exit.o [4]
gpio_init               0x009ba7   0x40  Code  Gb  main_upwork_rb.o [1]
handle_uart_request     0x009dc2   0x29  Code  Gb  main_upwork_rb.o [1]
index                   0x00008f    0x1  Data  Gb  uart.o [1]
init_CC2500             0x008ca5   0x24  Code  Gb  cc2500.o [1]
main                    0x009048  0x118  Code  Gb  main_upwork_rb.o [1]
memset                  0x009eba   0x15  Code  Gb  memset.o [4]
mode_array              0x000087    0x2  Data  Gb  main_upwork_rb.o [1]
ndigs                   0x0084e3   0x25  Data  Lc  xstoul.o [4]
no_ack_msg              0x009e45   0x1a  Code  Gb  main_upwork_rb.o [1]
no_broadcast            0x009f55    0xc  Code  Gb  main_upwork_rb.o [1]
read_array_from_eeprom  0x008987   0x3e  Code  Gb  eeprom.o [1]
read_data_from_eeprom   0x008a19   0x5d  Code  Gb  eeprom.o [1]
register_addr           0x008511   0x14  Data  Lc  cc2500.o [1]
register_value          0x008525   0x14  Data  Lc  cc2500.o [1]
rid_array               0x000083    0x4  Data  Gb  main_upwork_rb.o [1]
send_ack                0x009f9b    0x1  Code  Gb  main_upwork_rb.o [1]
send_data_rf            0x008cc9   0xfb  Code  Gb  cc2500.o [1]
send_data_uart          0x009c23   0x3a  Code  Gb  uart.o [1]
setup                   0x008c86   0x1f  Code  Gb  cc2500.o [1]
spi_init                0x0099ff   0x4b  Code  Gb  main_upwork_rb.o [1]
strcat                  0x009ecf   0x15  Code  Gb  strcat.o [4]
strcpy                  0x009f0b   0x12  Code  Gb  strcpy.o [4]
strlen                  0x009ef9   0x12  Code  Gb  strlen.o [4]
strncmp                 0x009c5d   0x39  Code  Gb  strncmp.o [4]
strstr                  0x009f75    0x4  Code  Gb  main_upwork_rb.o [1]
uart_init               0x0099b3   0x4c  Code  Gb  uart.o [1]
uart_rcv_buff           0x00004c   0x1e  Data  Gb  main_upwork_rb.o [1]
wait_count              0x00007b    0x4  Data  Gb  main_upwork_rb.o [1]
write_array_to_eeprom   0x0089c5   0x54  Code  Gb  eeprom.o [1]
write_data_to_eeprom    0x008a76   0x91  Code  Gb  eeprom.o [1]


[1] = D:\Desktop Backup\All Programs\Ongoing Projects\Upwork_Project\Upwork_Project\CC2500_Wireless_UART_Link\STM8S_StdPeriph_Lib_V2.1.0\Project\STM8S_StdPeriph_Template\EWSTM8\STM8S103\Obj
[2] = command line
[3] = dbgstm8mmd.a
[4] = dlstm8mmn.a

  6 706 bytes of readonly  code memory
  1 404 bytes of readonly  data memory
    400 bytes of readwrite data memory

Errors: none
Warnings: none
